Archive member included to satisfy reference by file (symbol)

c:/st/stm32cubeide_1.5.0/stm32cubeide/plugins/com.st.stm32cube.ide.mcu.externaltools.gnu-tools-for-stm32.7-2018-q2-update.win32_1.5.0.202011040924/tools/bin/../lib/gcc/arm-none-eabi/7.3.1/../../../../arm-none-eabi/lib/thumb/v7-m\libc_nano.a(lib_a-errno.o)
                              Core/Src/syscalls.o (__errno)
c:/st/stm32cubeide_1.5.0/stm32cubeide/plugins/com.st.stm32cube.ide.mcu.externaltools.gnu-tools-for-stm32.7-2018-q2-update.win32_1.5.0.202011040924/tools/bin/../lib/gcc/arm-none-eabi/7.3.1/../../../../arm-none-eabi/lib/thumb/v7-m\libc_nano.a(lib_a-exit.o)
                              c:/st/stm32cubeide_1.5.0/stm32cubeide/plugins/com.st.stm32cube.ide.mcu.externaltools.gnu-tools-for-stm32.7-2018-q2-update.win32_1.5.0.202011040924/tools/bin/../lib/gcc/arm-none-eabi/7.3.1/../../../../arm-none-eabi/lib/thumb/v7-m/crt0.o (exit)
c:/st/stm32cubeide_1.5.0/stm32cubeide/plugins/com.st.stm32cube.ide.mcu.externaltools.gnu-tools-for-stm32.7-2018-q2-update.win32_1.5.0.202011040924/tools/bin/../lib/gcc/arm-none-eabi/7.3.1/../../../../arm-none-eabi/lib/thumb/v7-m\libc_nano.a(lib_a-impure.o)
                              c:/st/stm32cubeide_1.5.0/stm32cubeide/plugins/com.st.stm32cube.ide.mcu.externaltools.gnu-tools-for-stm32.7-2018-q2-update.win32_1.5.0.202011040924/tools/bin/../lib/gcc/arm-none-eabi/7.3.1/../../../../arm-none-eabi/lib/thumb/v7-m\libc_nano.a(lib_a-exit.o) (_global_impure_ptr)
c:/st/stm32cubeide_1.5.0/stm32cubeide/plugins/com.st.stm32cube.ide.mcu.externaltools.gnu-tools-for-stm32.7-2018-q2-update.win32_1.5.0.202011040924/tools/bin/../lib/gcc/arm-none-eabi/7.3.1/../../../../arm-none-eabi/lib/thumb/v7-m\libc_nano.a(lib_a-init.o)
                              c:/st/stm32cubeide_1.5.0/stm32cubeide/plugins/com.st.stm32cube.ide.mcu.externaltools.gnu-tools-for-stm32.7-2018-q2-update.win32_1.5.0.202011040924/tools/bin/../lib/gcc/arm-none-eabi/7.3.1/../../../../arm-none-eabi/lib/thumb/v7-m/crt0.o (__libc_init_array)
c:/st/stm32cubeide_1.5.0/stm32cubeide/plugins/com.st.stm32cube.ide.mcu.externaltools.gnu-tools-for-stm32.7-2018-q2-update.win32_1.5.0.202011040924/tools/bin/../lib/gcc/arm-none-eabi/7.3.1/../../../../arm-none-eabi/lib/thumb/v7-m\libc_nano.a(lib_a-memset.o)
                              c:/st/stm32cubeide_1.5.0/stm32cubeide/plugins/com.st.stm32cube.ide.mcu.externaltools.gnu-tools-for-stm32.7-2018-q2-update.win32_1.5.0.202011040924/tools/bin/../lib/gcc/arm-none-eabi/7.3.1/../../../../arm-none-eabi/lib/thumb/v7-m/crt0.o (memset)

Discarded input sections

 .text          0x0000000000000000        0x0 c:/st/stm32cubeide_1.5.0/stm32cubeide/plugins/com.st.stm32cube.ide.mcu.externaltools.gnu-tools-for-stm32.7-2018-q2-update.win32_1.5.0.202011040924/tools/bin/../lib/gcc/arm-none-eabi/7.3.1/thumb/v7-m/crti.o
 .data          0x0000000000000000        0x0 c:/st/stm32cubeide_1.5.0/stm32cubeide/plugins/com.st.stm32cube.ide.mcu.externaltools.gnu-tools-for-stm32.7-2018-q2-update.win32_1.5.0.202011040924/tools/bin/../lib/gcc/arm-none-eabi/7.3.1/thumb/v7-m/crti.o
 .bss           0x0000000000000000        0x0 c:/st/stm32cubeide_1.5.0/stm32cubeide/plugins/com.st.stm32cube.ide.mcu.externaltools.gnu-tools-for-stm32.7-2018-q2-update.win32_1.5.0.202011040924/tools/bin/../lib/gcc/arm-none-eabi/7.3.1/thumb/v7-m/crti.o
 .data          0x0000000000000000        0x4 c:/st/stm32cubeide_1.5.0/stm32cubeide/plugins/com.st.stm32cube.ide.mcu.externaltools.gnu-tools-for-stm32.7-2018-q2-update.win32_1.5.0.202011040924/tools/bin/../lib/gcc/arm-none-eabi/7.3.1/thumb/v7-m/crtbegin.o
 .text          0x0000000000000000       0x74 c:/st/stm32cubeide_1.5.0/stm32cubeide/plugins/com.st.stm32cube.ide.mcu.externaltools.gnu-tools-for-stm32.7-2018-q2-update.win32_1.5.0.202011040924/tools/bin/../lib/gcc/arm-none-eabi/7.3.1/../../../../arm-none-eabi/lib/thumb/v7-m/crt0.o
 .data          0x0000000000000000        0x0 c:/st/stm32cubeide_1.5.0/stm32cubeide/plugins/com.st.stm32cube.ide.mcu.externaltools.gnu-tools-for-stm32.7-2018-q2-update.win32_1.5.0.202011040924/tools/bin/../lib/gcc/arm-none-eabi/7.3.1/../../../../arm-none-eabi/lib/thumb/v7-m/crt0.o
 .bss           0x0000000000000000        0x0 c:/st/stm32cubeide_1.5.0/stm32cubeide/plugins/com.st.stm32cube.ide.mcu.externaltools.gnu-tools-for-stm32.7-2018-q2-update.win32_1.5.0.202011040924/tools/bin/../lib/gcc/arm-none-eabi/7.3.1/../../../../arm-none-eabi/lib/thumb/v7-m/crt0.o
 .ARM.extab     0x0000000000000000        0x0 c:/st/stm32cubeide_1.5.0/stm32cubeide/plugins/com.st.stm32cube.ide.mcu.externaltools.gnu-tools-for-stm32.7-2018-q2-update.win32_1.5.0.202011040924/tools/bin/../lib/gcc/arm-none-eabi/7.3.1/../../../../arm-none-eabi/lib/thumb/v7-m/crt0.o
 .ARM.exidx     0x0000000000000000        0x8 c:/st/stm32cubeide_1.5.0/stm32cubeide/plugins/com.st.stm32cube.ide.mcu.externaltools.gnu-tools-for-stm32.7-2018-q2-update.win32_1.5.0.202011040924/tools/bin/../lib/gcc/arm-none-eabi/7.3.1/../../../../arm-none-eabi/lib/thumb/v7-m/crt0.o
 .ARM.attributes
                0x0000000000000000       0x1b c:/st/stm32cubeide_1.5.0/stm32cubeide/plugins/com.st.stm32cube.ide.mcu.externaltools.gnu-tools-for-stm32.7-2018-q2-update.win32_1.5.0.202011040924/tools/bin/../lib/gcc/arm-none-eabi/7.3.1/../../../../arm-none-eabi/lib/thumb/v7-m/crt0.o
 .group         0x0000000000000000        0xc Core/Src/main.o
 .group         0x0000000000000000        0xc Core/Src/main.o
 .group         0x0000000000000000        0xc Core/Src/main.o
 .group         0x0000000000000000        0xc Core/Src/main.o
 .group         0x0000000000000000        0xc Core/Src/main.o
 .group         0x0000000000000000        0xc Core/Src/main.o
 .group         0x0000000000000000        0xc Core/Src/main.o
 .group         0x0000000000000000        0xc Core/Src/main.o
 .group         0x0000000000000000        0xc Core/Src/main.o
 .group         0x0000000000000000        0xc Core/Src/main.o
 .group         0x0000000000000000        0xc Core/Src/main.o
 .group         0x0000000000000000        0xc Core/Src/main.o
 .group         0x0000000000000000        0xc Core/Src/main.o
 .group         0x0000000000000000        0xc Core/Src/main.o
 .group         0x0000000000000000        0xc Core/Src/main.o
 .group         0x0000000000000000        0xc Core/Src/main.o
 .group         0x0000000000000000        0xc Core/Src/main.o
 .group         0x0000000000000000        0xc Core/Src/main.o
 .group         0x0000000000000000        0xc Core/Src/main.o
 .group         0x0000000000000000        0xc Core/Src/main.o
 .group         0x0000000000000000        0xc Core/Src/main.o
 .group         0x0000000000000000        0xc Core/Src/main.o
 .group         0x0000000000000000        0xc Core/Src/main.o
 .group         0x0000000000000000        0xc Core/Src/main.o
 .group         0x0000000000000000        0xc Core/Src/main.o
 .text          0x0000000000000000        0x0 Core/Src/main.o
 .data          0x0000000000000000        0x0 Core/Src/main.o
 .bss           0x0000000000000000        0x0 Core/Src/main.o
 .rodata.CHANNEL_OFFSET_TAB
                0x0000000000000000        0x7 Core/Src/main.o
 .text.Error_Handler
                0x0000000000000000        0x8 Core/Src/main.o
 .group         0x0000000000000000        0xc Core/Src/stm32f1xx_it.o
 .group         0x0000000000000000        0xc Core/Src/stm32f1xx_it.o
 .group         0x0000000000000000        0xc Core/Src/stm32f1xx_it.o
 .group         0x0000000000000000        0xc Core/Src/stm32f1xx_it.o
 .group         0x0000000000000000        0xc Core/Src/stm32f1xx_it.o
 .group         0x0000000000000000        0xc Core/Src/stm32f1xx_it.o
 .group         0x0000000000000000        0xc Core/Src/stm32f1xx_it.o
 .group         0x0000000000000000        0xc Core/Src/stm32f1xx_it.o
 .group         0x0000000000000000        0xc Core/Src/stm32f1xx_it.o
 .group         0x0000000000000000        0xc Core/Src/stm32f1xx_it.o
 .group         0x0000000000000000        0xc Core/Src/stm32f1xx_it.o
 .group         0x0000000000000000        0xc Core/Src/stm32f1xx_it.o
 .group         0x0000000000000000        0xc Core/Src/stm32f1xx_it.o
 .group         0x0000000000000000        0xc Core/Src/stm32f1xx_it.o
 .group         0x0000000000000000        0xc Core/Src/stm32f1xx_it.o
 .group         0x0000000000000000        0xc Core/Src/stm32f1xx_it.o
 .group         0x0000000000000000        0xc Core/Src/stm32f1xx_it.o
 .group         0x0000000000000000        0xc Core/Src/stm32f1xx_it.o
 .group         0x0000000000000000        0xc Core/Src/stm32f1xx_it.o
 .group         0x0000000000000000        0xc Core/Src/stm32f1xx_it.o
 .group         0x0000000000000000        0xc Core/Src/stm32f1xx_it.o
 .group         0x0000000000000000        0xc Core/Src/stm32f1xx_it.o
 .group         0x0000000000000000        0xc Core/Src/stm32f1xx_it.o
 .group         0x0000000000000000        0xc Core/Src/stm32f1xx_it.o
 .group         0x0000000000000000        0xc Core/Src/stm32f1xx_it.o
 .text          0x0000000000000000        0x0 Core/Src/stm32f1xx_it.o
 .data          0x0000000000000000        0x0 Core/Src/stm32f1xx_it.o
 .bss           0x0000000000000000        0x0 Core/Src/stm32f1xx_it.o
 .rodata.CHANNEL_OFFSET_TAB
                0x0000000000000000        0x7 Core/Src/stm32f1xx_it.o
 .debug_macro   0x0000000000000000      0xa8a Core/Src/stm32f1xx_it.o
 .debug_macro   0x0000000000000000       0x2e Core/Src/stm32f1xx_it.o
 .debug_macro   0x0000000000000000       0x22 Core/Src/stm32f1xx_it.o
 .debug_macro   0x0000000000000000       0x22 Core/Src/stm32f1xx_it.o
 .debug_macro   0x0000000000000000       0x8e Core/Src/stm32f1xx_it.o
 .debug_macro   0x0000000000000000       0x51 Core/Src/stm32f1xx_it.o
 .debug_macro   0x0000000000000000       0xef Core/Src/stm32f1xx_it.o
 .debug_macro   0x0000000000000000       0x6a Core/Src/stm32f1xx_it.o
 .debug_macro   0x0000000000000000      0x1df Core/Src/stm32f1xx_it.o
 .debug_macro   0x0000000000000000       0x1c Core/Src/stm32f1xx_it.o
 .debug_macro   0x0000000000000000       0x22 Core/Src/stm32f1xx_it.o
 .debug_macro   0x0000000000000000       0xc3 Core/Src/stm32f1xx_it.o
 .debug_macro   0x0000000000000000      0xd23 Core/Src/stm32f1xx_it.o
 .debug_macro   0x0000000000000000     0xe09e Core/Src/stm32f1xx_it.o
 .debug_macro   0x0000000000000000       0x6d Core/Src/stm32f1xx_it.o
 .debug_macro   0x0000000000000000      0x2b8 Core/Src/stm32f1xx_it.o
 .debug_macro   0x0000000000000000       0xd7 Core/Src/stm32f1xx_it.o
 .debug_macro   0x0000000000000000       0x74 Core/Src/stm32f1xx_it.o
 .debug_macro   0x0000000000000000       0xd0 Core/Src/stm32f1xx_it.o
 .debug_macro   0x0000000000000000       0x28 Core/Src/stm32f1xx_it.o
 .debug_macro   0x0000000000000000       0x2a Core/Src/stm32f1xx_it.o
 .debug_macro   0x0000000000000000       0x90 Core/Src/stm32f1xx_it.o
 .debug_macro   0x0000000000000000      0x287 Core/Src/stm32f1xx_it.o
 .debug_macro   0x0000000000000000      0x22a Core/Src/stm32f1xx_it.o
 .debug_macro   0x0000000000000000       0x22 Core/Src/stm32f1xx_it.o
 .group         0x0000000000000000        0xc Core/Src/syscalls.o
 .group         0x0000000000000000        0xc Core/Src/syscalls.o
 .group         0x0000000000000000        0xc Core/Src/syscalls.o
 .group         0x0000000000000000        0xc Core/Src/syscalls.o
 .group         0x0000000000000000        0xc Core/Src/syscalls.o
 .group         0x0000000000000000        0xc Core/Src/syscalls.o
 .group         0x0000000000000000        0xc Core/Src/syscalls.o
 .group         0x0000000000000000        0xc Core/Src/syscalls.o
 .group         0x0000000000000000        0xc Core/Src/syscalls.o
 .group         0x0000000000000000        0xc Core/Src/syscalls.o
 .group         0x0000000000000000        0xc Core/Src/syscalls.o
 .group         0x0000000000000000        0xc Core/Src/syscalls.o
 .group         0x0000000000000000        0xc Core/Src/syscalls.o
 .group         0x0000000000000000        0xc Core/Src/syscalls.o
 .group         0x0000000000000000        0xc Core/Src/syscalls.o
 .group         0x0000000000000000        0xc Core/Src/syscalls.o
 .group         0x0000000000000000        0xc Core/Src/syscalls.o
 .group         0x0000000000000000        0xc Core/Src/syscalls.o
 .group         0x0000000000000000        0xc Core/Src/syscalls.o
 .group         0x0000000000000000        0xc Core/Src/syscalls.o
 .group         0x0000000000000000        0xc Core/Src/syscalls.o
 .group         0x0000000000000000        0xc Core/Src/syscalls.o
 .group         0x0000000000000000        0xc Core/Src/syscalls.o
 .group         0x0000000000000000        0xc Core/Src/syscalls.o
 .group         0x0000000000000000        0xc Core/Src/syscalls.o
 .group         0x0000000000000000        0xc Core/Src/syscalls.o
 .group         0x0000000000000000        0xc Core/Src/syscalls.o
 .group         0x0000000000000000        0xc Core/Src/syscalls.o
 .group         0x0000000000000000        0xc Core/Src/syscalls.o
 .group         0x0000000000000000        0xc Core/Src/syscalls.o
 .group         0x0000000000000000        0xc Core/Src/syscalls.o
 .group         0x0000000000000000        0xc Core/Src/syscalls.o
 .group         0x0000000000000000        0xc Core/Src/syscalls.o
 .group         0x0000000000000000        0xc Core/Src/syscalls.o
 .group         0x0000000000000000        0xc Core/Src/syscalls.o
 .group         0x0000000000000000        0xc Core/Src/syscalls.o
 .group         0x0000000000000000        0xc Core/Src/syscalls.o
 .group         0x0000000000000000        0xc Core/Src/syscalls.o
 .group         0x0000000000000000        0xc Core/Src/syscalls.o
 .group         0x0000000000000000        0xc Core/Src/syscalls.o
 .group         0x0000000000000000        0xc Core/Src/syscalls.o
 .group         0x0000000000000000        0xc Core/Src/syscalls.o
 .group         0x0000000000000000        0xc Core/Src/syscalls.o
 .group         0x0000000000000000        0xc Core/Src/syscalls.o
 .text          0x0000000000000000        0x0 Core/Src/syscalls.o
 .data          0x0000000000000000        0x0 Core/Src/syscalls.o
 .bss           0x0000000000000000        0x0 Core/Src/syscalls.o
 .bss.__env     0x0000000000000000        0x4 Core/Src/syscalls.o
 .data.environ  0x0000000000000000        0x4 Core/Src/syscalls.o
 .text.initialise_monitor_handles
                0x0000000000000000        0xc Core/Src/syscalls.o
 .text._getpid  0x0000000000000000        0xe Core/Src/syscalls.o
 .text._kill    0x0000000000000000       0x20 Core/Src/syscalls.o
 .text._exit    0x0000000000000000       0x14 Core/Src/syscalls.o
 .text._read    0x0000000000000000       0x3a Core/Src/syscalls.o
 .text._write   0x0000000000000000       0x38 Core/Src/syscalls.o
 .text._close   0x0000000000000000       0x16 Core/Src/syscalls.o
 .text._fstat   0x0000000000000000       0x1e Core/Src/syscalls.o
 .text._isatty  0x0000000000000000       0x14 Core/Src/syscalls.o
 .text._lseek   0x0000000000000000       0x18 Core/Src/syscalls.o
 .text._open    0x0000000000000000       0x1a Core/Src/syscalls.o
 .text._wait    0x0000000000000000       0x1e Core/Src/syscalls.o
 .text._unlink  0x0000000000000000       0x1e Core/Src/syscalls.o
 .text._times   0x0000000000000000       0x16 Core/Src/syscalls.o
 .text._stat    0x0000000000000000       0x1e Core/Src/syscalls.o
 .text._link    0x0000000000000000       0x20 Core/Src/syscalls.o
 .text._fork    0x0000000000000000       0x16 Core/Src/syscalls.o
 .text._execve  0x0000000000000000       0x22 Core/Src/syscalls.o
 .debug_info    0x0000000000000000      0xebd Core/Src/syscalls.o
 .debug_abbrev  0x0000000000000000      0x261 Core/Src/syscalls.o
 .debug_aranges
                0x0000000000000000       0xa8 Core/Src/syscalls.o
 .debug_ranges  0x0000000000000000       0x98 Core/Src/syscalls.o
 .debug_macro   0x0000000000000000      0x243 Core/Src/syscalls.o
 .debug_macro   0x0000000000000000      0xa8a Core/Src/syscalls.o
 .debug_macro   0x0000000000000000       0x22 Core/Src/syscalls.o
 .debug_macro   0x0000000000000000       0x40 Core/Src/syscalls.o
 .debug_macro   0x0000000000000000       0x18 Core/Src/syscalls.o
 .debug_macro   0x0000000000000000       0x94 Core/Src/syscalls.o
 .debug_macro   0x0000000000000000       0x3c Core/Src/syscalls.o
 .debug_macro   0x0000000000000000       0x34 Core/Src/syscalls.o
 .debug_macro   0x0000000000000000       0x57 Core/Src/syscalls.o
 .debug_macro   0x0000000000000000      0x174 Core/Src/syscalls.o
 .debug_macro   0x0000000000000000      0x330 Core/Src/syscalls.o
 .debug_macro   0x0000000000000000       0x52 Core/Src/syscalls.o
 .debug_macro   0x0000000000000000       0x1f Core/Src/syscalls.o
 .debug_macro   0x0000000000000000       0x43 Core/Src/syscalls.o
 .debug_macro   0x0000000000000000       0x20 Core/Src/syscalls.o
 .debug_macro   0x0000000000000000      0x1a3 Core/Src/syscalls.o
 .debug_macro   0x0000000000000000       0x10 Core/Src/syscalls.o
 .debug_macro   0x0000000000000000       0x35 Core/Src/syscalls.o
 .debug_macro   0x0000000000000000       0x10 Core/Src/syscalls.o
 .debug_macro   0x0000000000000000       0x10 Core/Src/syscalls.o
 .debug_macro   0x0000000000000000       0x10 Core/Src/syscalls.o
 .debug_macro   0x0000000000000000       0x6a Core/Src/syscalls.o
 .debug_macro   0x0000000000000000       0x1c Core/Src/syscalls.o
 .debug_macro   0x0000000000000000       0x52 Core/Src/syscalls.o
 .debug_macro   0x0000000000000000       0x40 Core/Src/syscalls.o
 .debug_macro   0x0000000000000000       0x10 Core/Src/syscalls.o
 .debug_macro   0x0000000000000000       0x40 Core/Src/syscalls.o
 .debug_macro   0x0000000000000000       0xd7 Core/Src/syscalls.o
 .debug_macro   0x0000000000000000       0x1c Core/Src/syscalls.o
 .debug_macro   0x0000000000000000       0x3d Core/Src/syscalls.o
 .debug_macro   0x0000000000000000       0x35 Core/Src/syscalls.o
 .debug_macro   0x0000000000000000      0x122 Core/Src/syscalls.o
 .debug_macro   0x0000000000000000       0x16 Core/Src/syscalls.o
 .debug_macro   0x0000000000000000       0x16 Core/Src/syscalls.o
 .debug_macro   0x0000000000000000       0x29 Core/Src/syscalls.o
 .debug_macro   0x0000000000000000       0x10 Core/Src/syscalls.o
 .debug_macro   0x0000000000000000      0x241 Core/Src/syscalls.o
 .debug_macro   0x0000000000000000       0x1c Core/Src/syscalls.o
 .debug_macro   0x0000000000000000       0x10 Core/Src/syscalls.o
 .debug_macro   0x0000000000000000       0x10 Core/Src/syscalls.o
 .debug_macro   0x0000000000000000       0x16 Core/Src/syscalls.o
 .debug_macro   0x0000000000000000      0x145 Core/Src/syscalls.o
 .debug_macro   0x0000000000000000      0x189 Core/Src/syscalls.o
 .debug_macro   0x0000000000000000       0x16 Core/Src/syscalls.o
 .debug_macro   0x0000000000000000       0x88 Core/Src/syscalls.o
 .debug_line    0x0000000000000000      0x73e Core/Src/syscalls.o
 .debug_str     0x0000000000000000     0x88f9 Core/Src/syscalls.o
 .comment       0x0000000000000000       0x7c Core/Src/syscalls.o
 .debug_frame   0x0000000000000000      0x2ac Core/Src/syscalls.o
 .ARM.attributes
                0x0000000000000000       0x33 Core/Src/syscalls.o
 .group         0x0000000000000000        0xc Core/Src/sysmem.o
 .group         0x0000000000000000        0xc Core/Src/sysmem.o
 .group         0x0000000000000000        0xc Core/Src/sysmem.o
 .group         0x0000000000000000        0xc Core/Src/sysmem.o
 .group         0x0000000000000000        0xc Core/Src/sysmem.o
 .group         0x0000000000000000        0xc Core/Src/sysmem.o
 .group         0x0000000000000000        0xc Core/Src/sysmem.o
 .group         0x0000000000000000        0xc Core/Src/sysmem.o
 .group         0x0000000000000000        0xc Core/Src/sysmem.o
 .group         0x0000000000000000        0xc Core/Src/sysmem.o
 .group         0x0000000000000000        0xc Core/Src/sysmem.o
 .group         0x0000000000000000        0xc Core/Src/sysmem.o
 .group         0x0000000000000000        0xc Core/Src/sysmem.o
 .group         0x0000000000000000        0xc Core/Src/sysmem.o
 .group         0x0000000000000000        0xc Core/Src/sysmem.o
 .group         0x0000000000000000        0xc Core/Src/sysmem.o
 .group         0x0000000000000000        0xc Core/Src/sysmem.o
 .group         0x0000000000000000        0xc Core/Src/sysmem.o
 .group         0x0000000000000000        0xc Core/Src/sysmem.o
 .text          0x0000000000000000        0x0 Core/Src/sysmem.o
 .data          0x0000000000000000        0x0 Core/Src/sysmem.o
 .bss           0x0000000000000000        0x0 Core/Src/sysmem.o
 .bss.__sbrk_heap_end
                0x0000000000000000        0x4 Core/Src/sysmem.o
 .text._sbrk    0x0000000000000000       0x6c Core/Src/sysmem.o
 .debug_info    0x0000000000000000      0x985 Core/Src/sysmem.o
 .debug_abbrev  0x0000000000000000      0x19b Core/Src/sysmem.o
 .debug_aranges
                0x0000000000000000       0x20 Core/Src/sysmem.o
 .debug_ranges  0x0000000000000000       0x10 Core/Src/sysmem.o
 .debug_macro   0x0000000000000000       0xee Core/Src/sysmem.o
 .debug_macro   0x0000000000000000      0xa8a Core/Src/sysmem.o
 .debug_macro   0x0000000000000000       0x10 Core/Src/sysmem.o
 .debug_macro   0x0000000000000000       0x22 Core/Src/sysmem.o
 .debug_macro   0x0000000000000000       0x40 Core/Src/sysmem.o
 .debug_macro   0x0000000000000000       0x18 Core/Src/sysmem.o
 .debug_macro   0x0000000000000000       0x94 Core/Src/sysmem.o
 .debug_macro   0x0000000000000000       0x3c Core/Src/sysmem.o
 .debug_macro   0x0000000000000000       0x34 Core/Src/sysmem.o
 .debug_macro   0x0000000000000000      0x174 Core/Src/sysmem.o
 .debug_macro   0x0000000000000000       0x57 Core/Src/sysmem.o
 .debug_macro   0x0000000000000000       0x52 Core/Src/sysmem.o
 .debug_macro   0x0000000000000000       0x1f Core/Src/sysmem.o
 .debug_macro   0x0000000000000000       0x43 Core/Src/sysmem.o
 .debug_macro   0x0000000000000000       0x20 Core/Src/sysmem.o
 .debug_macro   0x0000000000000000      0x1a3 Core/Src/sysmem.o
 .debug_macro   0x0000000000000000      0x23b Core/Src/sysmem.o
 .debug_macro   0x0000000000000000       0xef Core/Src/sysmem.o
 .debug_macro   0x0000000000000000       0x6a Core/Src/sysmem.o
 .debug_macro   0x0000000000000000      0x1df Core/Src/sysmem.o
 .debug_line    0x0000000000000000      0x4c7 Core/Src/sysmem.o
 .debug_str     0x0000000000000000     0x5fc7 Core/Src/sysmem.o
 .comment       0x0000000000000000       0x7c Core/Src/sysmem.o
 .debug_frame   0x0000000000000000       0x34 Core/Src/sysmem.o
 .ARM.attributes
                0x0000000000000000       0x33 Core/Src/sysmem.o
 .group         0x0000000000000000        0xc Core/Src/system_stm32f1xx.o
 .group         0x0000000000000000        0xc Core/Src/system_stm32f1xx.o
 .group         0x0000000000000000        0xc Core/Src/system_stm32f1xx.o
 .group         0x0000000000000000        0xc Core/Src/system_stm32f1xx.o
 .group         0x0000000000000000        0xc Core/Src/system_stm32f1xx.o
 .group         0x0000000000000000        0xc Core/Src/system_stm32f1xx.o
 .group         0x0000000000000000        0xc Core/Src/system_stm32f1xx.o
 .group         0x0000000000000000        0xc Core/Src/system_stm32f1xx.o
 .group         0x0000000000000000        0xc Core/Src/system_stm32f1xx.o
 .group         0x0000000000000000        0xc Core/Src/system_stm32f1xx.o
 .group         0x0000000000000000        0xc Core/Src/system_stm32f1xx.o
 .group         0x0000000000000000        0xc Core/Src/system_stm32f1xx.o
 .group         0x0000000000000000        0xc Core/Src/system_stm32f1xx.o
 .group         0x0000000000000000        0xc Core/Src/system_stm32f1xx.o
 .group         0x0000000000000000        0xc Core/Src/system_stm32f1xx.o
 .text          0x0000000000000000        0x0 Core/Src/system_stm32f1xx.o
 .data          0x0000000000000000        0x0 Core/Src/system_stm32f1xx.o
 .bss           0x0000000000000000        0x0 Core/Src/system_stm32f1xx.o
 .rodata.AHBPrescTable
                0x0000000000000000       0x10 Core/Src/system_stm32f1xx.o
 .rodata.APBPrescTable
                0x0000000000000000        0x8 Core/Src/system_stm32f1xx.o
 .text.SystemCoreClockUpdate
                0x0000000000000000       0xd8 Core/Src/system_stm32f1xx.o
 .debug_macro   0x0000000000000000      0xa8a Core/Src/system_stm32f1xx.o
 .debug_macro   0x0000000000000000       0x2e Core/Src/system_stm32f1xx.o
 .debug_macro   0x0000000000000000       0x22 Core/Src/system_stm32f1xx.o
 .debug_macro   0x0000000000000000       0x22 Core/Src/system_stm32f1xx.o
 .debug_macro   0x0000000000000000       0x8e Core/Src/system_stm32f1xx.o
 .debug_macro   0x0000000000000000       0x51 Core/Src/system_stm32f1xx.o
 .debug_macro   0x0000000000000000       0xef Core/Src/system_stm32f1xx.o
 .debug_macro   0x0000000000000000       0x6a Core/Src/system_stm32f1xx.o
 .debug_macro   0x0000000000000000      0x1df Core/Src/system_stm32f1xx.o
 .debug_macro   0x0000000000000000       0x1c Core/Src/system_stm32f1xx.o
 .debug_macro   0x0000000000000000       0x22 Core/Src/system_stm32f1xx.o
 .debug_macro   0x0000000000000000       0xc3 Core/Src/system_stm32f1xx.o
 .debug_macro   0x0000000000000000      0xd23 Core/Src/system_stm32f1xx.o
 .debug_macro   0x0000000000000000     0xe09e Core/Src/system_stm32f1xx.o
 .debug_macro   0x0000000000000000       0x6d Core/Src/system_stm32f1xx.o
 .text          0x0000000000000000       0x14 Core/Startup/startup_stm32f103c8tx.o
 .data          0x0000000000000000        0x0 Core/Startup/startup_stm32f103c8tx.o
 .bss           0x0000000000000000        0x0 Core/Startup/startup_stm32f103c8tx.o
 .group         0x0000000000000000        0xc Drivers/STM32F1xx_HAL_Driver/Src/stm32f1xx_ll_exti.o
 .group         0x0000000000000000        0xc Drivers/STM32F1xx_HAL_Driver/Src/stm32f1xx_ll_exti.o
 .group         0x0000000000000000        0xc Drivers/STM32F1xx_HAL_Driver/Src/stm32f1xx_ll_exti.o
 .group         0x0000000000000000        0xc Drivers/STM32F1xx_HAL_Driver/Src/stm32f1xx_ll_exti.o
 .group         0x0000000000000000        0xc Drivers/STM32F1xx_HAL_Driver/Src/stm32f1xx_ll_exti.o
 .group         0x0000000000000000        0xc Drivers/STM32F1xx_HAL_Driver/Src/stm32f1xx_ll_exti.o
 .group         0x0000000000000000        0xc Drivers/STM32F1xx_HAL_Driver/Src/stm32f1xx_ll_exti.o
 .group         0x0000000000000000        0xc Drivers/STM32F1xx_HAL_Driver/Src/stm32f1xx_ll_exti.o
 .group         0x0000000000000000        0xc Drivers/STM32F1xx_HAL_Driver/Src/stm32f1xx_ll_exti.o
 .group         0x0000000000000000        0xc Drivers/STM32F1xx_HAL_Driver/Src/stm32f1xx_ll_exti.o
 .group         0x0000000000000000        0xc Drivers/STM32F1xx_HAL_Driver/Src/stm32f1xx_ll_exti.o
 .group         0x0000000000000000        0xc Drivers/STM32F1xx_HAL_Driver/Src/stm32f1xx_ll_exti.o
 .group         0x0000000000000000        0xc Drivers/STM32F1xx_HAL_Driver/Src/stm32f1xx_ll_exti.o
 .group         0x0000000000000000        0xc Drivers/STM32F1xx_HAL_Driver/Src/stm32f1xx_ll_exti.o
 .group         0x0000000000000000        0xc Drivers/STM32F1xx_HAL_Driver/Src/stm32f1xx_ll_exti.o
 .group         0x0000000000000000        0xc Drivers/STM32F1xx_HAL_Driver/Src/stm32f1xx_ll_exti.o
 .text          0x0000000000000000        0x0 Drivers/STM32F1xx_HAL_Driver/Src/stm32f1xx_ll_exti.o
 .data          0x0000000000000000        0x0 Drivers/STM32F1xx_HAL_Driver/Src/stm32f1xx_ll_exti.o
 .bss           0x0000000000000000        0x0 Drivers/STM32F1xx_HAL_Driver/Src/stm32f1xx_ll_exti.o
 .text.LL_EXTI_EnableIT_0_31
                0x0000000000000000       0x24 Drivers/STM32F1xx_HAL_Driver/Src/stm32f1xx_ll_exti.o
 .text.LL_EXTI_DisableIT_0_31
                0x0000000000000000       0x24 Drivers/STM32F1xx_HAL_Driver/Src/stm32f1xx_ll_exti.o
 .text.LL_EXTI_EnableEvent_0_31
                0x0000000000000000       0x24 Drivers/STM32F1xx_HAL_Driver/Src/stm32f1xx_ll_exti.o
 .text.LL_EXTI_DisableEvent_0_31
                0x0000000000000000       0x24 Drivers/STM32F1xx_HAL_Driver/Src/stm32f1xx_ll_exti.o
 .text.LL_EXTI_EnableRisingTrig_0_31
                0x0000000000000000       0x24 Drivers/STM32F1xx_HAL_Driver/Src/stm32f1xx_ll_exti.o
 .text.LL_EXTI_DisableRisingTrig_0_31
                0x0000000000000000       0x24 Drivers/STM32F1xx_HAL_Driver/Src/stm32f1xx_ll_exti.o
 .text.LL_EXTI_EnableFallingTrig_0_31
                0x0000000000000000       0x24 Drivers/STM32F1xx_HAL_Driver/Src/stm32f1xx_ll_exti.o
 .text.LL_EXTI_DisableFallingTrig_0_31
                0x0000000000000000       0x24 Drivers/STM32F1xx_HAL_Driver/Src/stm32f1xx_ll_exti.o
 .text.LL_EXTI_DeInit
                0x0000000000000000       0x3c Drivers/STM32F1xx_HAL_Driver/Src/stm32f1xx_ll_exti.o
 .text.LL_EXTI_Init
                0x0000000000000000       0xf8 Drivers/STM32F1xx_HAL_Driver/Src/stm32f1xx_ll_exti.o
 .text.LL_EXTI_StructInit
                0x0000000000000000       0x2a Drivers/STM32F1xx_HAL_Driver/Src/stm32f1xx_ll_exti.o
 .debug_info    0x0000000000000000      0x3aa Drivers/STM32F1xx_HAL_Driver/Src/stm32f1xx_ll_exti.o
 .debug_abbrev  0x0000000000000000      0x19e Drivers/STM32F1xx_HAL_Driver/Src/stm32f1xx_ll_exti.o
 .debug_aranges
                0x0000000000000000       0x70 Drivers/STM32F1xx_HAL_Driver/Src/stm32f1xx_ll_exti.o
 .debug_ranges  0x0000000000000000       0x60 Drivers/STM32F1xx_HAL_Driver/Src/stm32f1xx_ll_exti.o
 .debug_macro   0x0000000000000000       0xe3 Drivers/STM32F1xx_HAL_Driver/Src/stm32f1xx_ll_exti.o
 .debug_macro   0x0000000000000000      0xa8a Drivers/STM32F1xx_HAL_Driver/Src/stm32f1xx_ll_exti.o
 .debug_macro   0x0000000000000000       0x2e Drivers/STM32F1xx_HAL_Driver/Src/stm32f1xx_ll_exti.o
 .debug_macro   0x0000000000000000       0x22 Drivers/STM32F1xx_HAL_Driver/Src/stm32f1xx_ll_exti.o
 .debug_macro   0x0000000000000000       0x22 Drivers/STM32F1xx_HAL_Driver/Src/stm32f1xx_ll_exti.o
 .debug_macro   0x0000000000000000       0x8e Drivers/STM32F1xx_HAL_Driver/Src/stm32f1xx_ll_exti.o
 .debug_macro   0x0000000000000000       0x51 Drivers/STM32F1xx_HAL_Driver/Src/stm32f1xx_ll_exti.o
 .debug_macro   0x0000000000000000       0xef Drivers/STM32F1xx_HAL_Driver/Src/stm32f1xx_ll_exti.o
 .debug_macro   0x0000000000000000       0x6a Drivers/STM32F1xx_HAL_Driver/Src/stm32f1xx_ll_exti.o
 .debug_macro   0x0000000000000000      0x1df Drivers/STM32F1xx_HAL_Driver/Src/stm32f1xx_ll_exti.o
 .debug_macro   0x0000000000000000       0x1c Drivers/STM32F1xx_HAL_Driver/Src/stm32f1xx_ll_exti.o
 .debug_macro   0x0000000000000000       0x22 Drivers/STM32F1xx_HAL_Driver/Src/stm32f1xx_ll_exti.o
 .debug_macro   0x0000000000000000       0xc3 Drivers/STM32F1xx_HAL_Driver/Src/stm32f1xx_ll_exti.o
 .debug_macro   0x0000000000000000      0xd23 Drivers/STM32F1xx_HAL_Driver/Src/stm32f1xx_ll_exti.o
 .debug_macro   0x0000000000000000     0xe09e Drivers/STM32F1xx_HAL_Driver/Src/stm32f1xx_ll_exti.o
 .debug_macro   0x0000000000000000       0x6d Drivers/STM32F1xx_HAL_Driver/Src/stm32f1xx_ll_exti.o
 .debug_macro   0x0000000000000000       0xca Drivers/STM32F1xx_HAL_Driver/Src/stm32f1xx_ll_exti.o
 .debug_line    0x0000000000000000      0x58c Drivers/STM32F1xx_HAL_Driver/Src/stm32f1xx_ll_exti.o
 .debug_str     0x0000000000000000    0x54dce Drivers/STM32F1xx_HAL_Driver/Src/stm32f1xx_ll_exti.o
 .comment       0x0000000000000000       0x7c Drivers/STM32F1xx_HAL_Driver/Src/stm32f1xx_ll_exti.o
 .debug_frame   0x0000000000000000      0x1bc Drivers/STM32F1xx_HAL_Driver/Src/stm32f1xx_ll_exti.o
 .ARM.attributes
                0x0000000000000000       0x33 Drivers/STM32F1xx_HAL_Driver/Src/stm32f1xx_ll_exti.o
 .group         0x0000000000000000        0xc Drivers/STM32F1xx_HAL_Driver/Src/stm32f1xx_ll_gpio.o
 .group         0x0000000000000000        0xc Drivers/STM32F1xx_HAL_Driver/Src/stm32f1xx_ll_gpio.o
 .group         0x0000000000000000        0xc Drivers/STM32F1xx_HAL_Driver/Src/stm32f1xx_ll_gpio.o
 .group         0x0000000000000000        0xc Drivers/STM32F1xx_HAL_Driver/Src/stm32f1xx_ll_gpio.o
 .group         0x0000000000000000        0xc Drivers/STM32F1xx_HAL_Driver/Src/stm32f1xx_ll_gpio.o
 .group         0x0000000000000000        0xc Drivers/STM32F1xx_HAL_Driver/Src/stm32f1xx_ll_gpio.o
 .group         0x0000000000000000        0xc Drivers/STM32F1xx_HAL_Driver/Src/stm32f1xx_ll_gpio.o
 .group         0x0000000000000000        0xc Drivers/STM32F1xx_HAL_Driver/Src/stm32f1xx_ll_gpio.o
 .group         0x0000000000000000        0xc Drivers/STM32F1xx_HAL_Driver/Src/stm32f1xx_ll_gpio.o
 .group         0x0000000000000000        0xc Drivers/STM32F1xx_HAL_Driver/Src/stm32f1xx_ll_gpio.o
 .group         0x0000000000000000        0xc Drivers/STM32F1xx_HAL_Driver/Src/stm32f1xx_ll_gpio.o
 .group         0x0000000000000000        0xc Drivers/STM32F1xx_HAL_Driver/Src/stm32f1xx_ll_gpio.o
 .group         0x0000000000000000        0xc Drivers/STM32F1xx_HAL_Driver/Src/stm32f1xx_ll_gpio.o
 .group         0x0000000000000000        0xc Drivers/STM32F1xx_HAL_Driver/Src/stm32f1xx_ll_gpio.o
 .group         0x0000000000000000        0xc Drivers/STM32F1xx_HAL_Driver/Src/stm32f1xx_ll_gpio.o
 .group         0x0000000000000000        0xc Drivers/STM32F1xx_HAL_Driver/Src/stm32f1xx_ll_gpio.o
 .group         0x0000000000000000        0xc Drivers/STM32F1xx_HAL_Driver/Src/stm32f1xx_ll_gpio.o
 .text          0x0000000000000000        0x0 Drivers/STM32F1xx_HAL_Driver/Src/stm32f1xx_ll_gpio.o
 .data          0x0000000000000000        0x0 Drivers/STM32F1xx_HAL_Driver/Src/stm32f1xx_ll_gpio.o
 .bss           0x0000000000000000        0x0 Drivers/STM32F1xx_HAL_Driver/Src/stm32f1xx_ll_gpio.o
 .text.LL_APB2_GRP1_ForceReset
                0x0000000000000000       0x24 Drivers/STM32F1xx_HAL_Driver/Src/stm32f1xx_ll_gpio.o
 .text.LL_APB2_GRP1_ReleaseReset
                0x0000000000000000       0x24 Drivers/STM32F1xx_HAL_Driver/Src/stm32f1xx_ll_gpio.o
 .text.LL_GPIO_DeInit
                0x0000000000000000       0x9c Drivers/STM32F1xx_HAL_Driver/Src/stm32f1xx_ll_gpio.o
 .text.LL_GPIO_StructInit
                0x0000000000000000       0x32 Drivers/STM32F1xx_HAL_Driver/Src/stm32f1xx_ll_gpio.o
 .debug_macro   0x0000000000000000      0xa8a Drivers/STM32F1xx_HAL_Driver/Src/stm32f1xx_ll_gpio.o
 .debug_macro   0x0000000000000000       0x2e Drivers/STM32F1xx_HAL_Driver/Src/stm32f1xx_ll_gpio.o
 .debug_macro   0x0000000000000000       0x22 Drivers/STM32F1xx_HAL_Driver/Src/stm32f1xx_ll_gpio.o
 .debug_macro   0x0000000000000000       0x22 Drivers/STM32F1xx_HAL_Driver/Src/stm32f1xx_ll_gpio.o
 .debug_macro   0x0000000000000000       0x8e Drivers/STM32F1xx_HAL_Driver/Src/stm32f1xx_ll_gpio.o
 .debug_macro   0x0000000000000000       0x51 Drivers/STM32F1xx_HAL_Driver/Src/stm32f1xx_ll_gpio.o
 .debug_macro   0x0000000000000000       0xef Drivers/STM32F1xx_HAL_Driver/Src/stm32f1xx_ll_gpio.o
 .debug_macro   0x0000000000000000       0x6a Drivers/STM32F1xx_HAL_Driver/Src/stm32f1xx_ll_gpio.o
 .debug_macro   0x0000000000000000      0x1df Drivers/STM32F1xx_HAL_Driver/Src/stm32f1xx_ll_gpio.o
 .debug_macro   0x0000000000000000       0x1c Drivers/STM32F1xx_HAL_Driver/Src/stm32f1xx_ll_gpio.o
 .debug_macro   0x0000000000000000       0x22 Drivers/STM32F1xx_HAL_Driver/Src/stm32f1xx_ll_gpio.o
 .debug_macro   0x0000000000000000       0xc3 Drivers/STM32F1xx_HAL_Driver/Src/stm32f1xx_ll_gpio.o
 .debug_macro   0x0000000000000000      0xd23 Drivers/STM32F1xx_HAL_Driver/Src/stm32f1xx_ll_gpio.o
 .debug_macro   0x0000000000000000     0xe09e Drivers/STM32F1xx_HAL_Driver/Src/stm32f1xx_ll_gpio.o
 .debug_macro   0x0000000000000000       0x6d Drivers/STM32F1xx_HAL_Driver/Src/stm32f1xx_ll_gpio.o
 .debug_macro   0x0000000000000000       0xd7 Drivers/STM32F1xx_HAL_Driver/Src/stm32f1xx_ll_gpio.o
 .group         0x0000000000000000        0xc Drivers/STM32F1xx_HAL_Driver/Src/stm32f1xx_ll_pwr.o
 .group         0x0000000000000000        0xc Drivers/STM32F1xx_HAL_Driver/Src/stm32f1xx_ll_pwr.o
 .group         0x0000000000000000        0xc Drivers/STM32F1xx_HAL_Driver/Src/stm32f1xx_ll_pwr.o
 .group         0x0000000000000000        0xc Drivers/STM32F1xx_HAL_Driver/Src/stm32f1xx_ll_pwr.o
 .group         0x0000000000000000        0xc Drivers/STM32F1xx_HAL_Driver/Src/stm32f1xx_ll_pwr.o
 .group         0x0000000000000000        0xc Drivers/STM32F1xx_HAL_Driver/Src/stm32f1xx_ll_pwr.o
 .group         0x0000000000000000        0xc Drivers/STM32F1xx_HAL_Driver/Src/stm32f1xx_ll_pwr.o
 .group         0x0000000000000000        0xc Drivers/STM32F1xx_HAL_Driver/Src/stm32f1xx_ll_pwr.o
 .group         0x0000000000000000        0xc Drivers/STM32F1xx_HAL_Driver/Src/stm32f1xx_ll_pwr.o
 .group         0x0000000000000000        0xc Drivers/STM32F1xx_HAL_Driver/Src/stm32f1xx_ll_pwr.o
 .group         0x0000000000000000        0xc Drivers/STM32F1xx_HAL_Driver/Src/stm32f1xx_ll_pwr.o
 .group         0x0000000000000000        0xc Drivers/STM32F1xx_HAL_Driver/Src/stm32f1xx_ll_pwr.o
 .group         0x0000000000000000        0xc Drivers/STM32F1xx_HAL_Driver/Src/stm32f1xx_ll_pwr.o
 .group         0x0000000000000000        0xc Drivers/STM32F1xx_HAL_Driver/Src/stm32f1xx_ll_pwr.o
 .group         0x0000000000000000        0xc Drivers/STM32F1xx_HAL_Driver/Src/stm32f1xx_ll_pwr.o
 .group         0x0000000000000000        0xc Drivers/STM32F1xx_HAL_Driver/Src/stm32f1xx_ll_pwr.o
 .group         0x0000000000000000        0xc Drivers/STM32F1xx_HAL_Driver/Src/stm32f1xx_ll_pwr.o
 .text          0x0000000000000000        0x0 Drivers/STM32F1xx_HAL_Driver/Src/stm32f1xx_ll_pwr.o
 .data          0x0000000000000000        0x0 Drivers/STM32F1xx_HAL_Driver/Src/stm32f1xx_ll_pwr.o
 .bss           0x0000000000000000        0x0 Drivers/STM32F1xx_HAL_Driver/Src/stm32f1xx_ll_pwr.o
 .text.LL_APB1_GRP1_ForceReset
                0x0000000000000000       0x24 Drivers/STM32F1xx_HAL_Driver/Src/stm32f1xx_ll_pwr.o
 .text.LL_APB1_GRP1_ReleaseReset
                0x0000000000000000       0x24 Drivers/STM32F1xx_HAL_Driver/Src/stm32f1xx_ll_pwr.o
 .text.LL_PWR_DeInit
                0x0000000000000000       0x1a Drivers/STM32F1xx_HAL_Driver/Src/stm32f1xx_ll_pwr.o
 .debug_info    0x0000000000000000      0x231 Drivers/STM32F1xx_HAL_Driver/Src/stm32f1xx_ll_pwr.o
 .debug_abbrev  0x0000000000000000      0x125 Drivers/STM32F1xx_HAL_Driver/Src/stm32f1xx_ll_pwr.o
 .debug_aranges
                0x0000000000000000       0x30 Drivers/STM32F1xx_HAL_Driver/Src/stm32f1xx_ll_pwr.o
 .debug_ranges  0x0000000000000000       0x20 Drivers/STM32F1xx_HAL_Driver/Src/stm32f1xx_ll_pwr.o
 .debug_macro   0x0000000000000000       0xd4 Drivers/STM32F1xx_HAL_Driver/Src/stm32f1xx_ll_pwr.o
 .debug_macro   0x0000000000000000      0xa8a Drivers/STM32F1xx_HAL_Driver/Src/stm32f1xx_ll_pwr.o
 .debug_macro   0x0000000000000000       0x2e Drivers/STM32F1xx_HAL_Driver/Src/stm32f1xx_ll_pwr.o
 .debug_macro   0x0000000000000000       0x22 Drivers/STM32F1xx_HAL_Driver/Src/stm32f1xx_ll_pwr.o
 .debug_macro   0x0000000000000000       0x22 Drivers/STM32F1xx_HAL_Driver/Src/stm32f1xx_ll_pwr.o
 .debug_macro   0x0000000000000000       0x8e Drivers/STM32F1xx_HAL_Driver/Src/stm32f1xx_ll_pwr.o
 .debug_macro   0x0000000000000000       0x51 Drivers/STM32F1xx_HAL_Driver/Src/stm32f1xx_ll_pwr.o
 .debug_macro   0x0000000000000000       0xef Drivers/STM32F1xx_HAL_Driver/Src/stm32f1xx_ll_pwr.o
 .debug_macro   0x0000000000000000       0x6a Drivers/STM32F1xx_HAL_Driver/Src/stm32f1xx_ll_pwr.o
 .debug_macro   0x0000000000000000      0x1df Drivers/STM32F1xx_HAL_Driver/Src/stm32f1xx_ll_pwr.o
 .debug_macro   0x0000000000000000       0x1c Drivers/STM32F1xx_HAL_Driver/Src/stm32f1xx_ll_pwr.o
 .debug_macro   0x0000000000000000       0x22 Drivers/STM32F1xx_HAL_Driver/Src/stm32f1xx_ll_pwr.o
 .debug_macro   0x0000000000000000       0xc3 Drivers/STM32F1xx_HAL_Driver/Src/stm32f1xx_ll_pwr.o
 .debug_macro   0x0000000000000000      0xd23 Drivers/STM32F1xx_HAL_Driver/Src/stm32f1xx_ll_pwr.o
 .debug_macro   0x0000000000000000     0xe09e Drivers/STM32F1xx_HAL_Driver/Src/stm32f1xx_ll_pwr.o
 .debug_macro   0x0000000000000000       0x6d Drivers/STM32F1xx_HAL_Driver/Src/stm32f1xx_ll_pwr.o
 .debug_macro   0x0000000000000000       0x8a Drivers/STM32F1xx_HAL_Driver/Src/stm32f1xx_ll_pwr.o
 .debug_macro   0x0000000000000000       0xd7 Drivers/STM32F1xx_HAL_Driver/Src/stm32f1xx_ll_pwr.o
 .debug_line    0x0000000000000000      0x4df Drivers/STM32F1xx_HAL_Driver/Src/stm32f1xx_ll_pwr.o
 .debug_str     0x0000000000000000    0x54f68 Drivers/STM32F1xx_HAL_Driver/Src/stm32f1xx_ll_pwr.o
 .comment       0x0000000000000000       0x7c Drivers/STM32F1xx_HAL_Driver/Src/stm32f1xx_ll_pwr.o
 .debug_frame   0x0000000000000000       0x7c Drivers/STM32F1xx_HAL_Driver/Src/stm32f1xx_ll_pwr.o
 .ARM.attributes
                0x0000000000000000       0x33 Drivers/STM32F1xx_HAL_Driver/Src/stm32f1xx_ll_pwr.o
 .group         0x0000000000000000        0xc Drivers/STM32F1xx_HAL_Driver/Src/stm32f1xx_ll_rcc.o
 .group         0x0000000000000000        0xc Drivers/STM32F1xx_HAL_Driver/Src/stm32f1xx_ll_rcc.o
 .group         0x0000000000000000        0xc Drivers/STM32F1xx_HAL_Driver/Src/stm32f1xx_ll_rcc.o
 .group         0x0000000000000000        0xc Drivers/STM32F1xx_HAL_Driver/Src/stm32f1xx_ll_rcc.o
 .group         0x0000000000000000        0xc Drivers/STM32F1xx_HAL_Driver/Src/stm32f1xx_ll_rcc.o
 .group         0x0000000000000000        0xc Drivers/STM32F1xx_HAL_Driver/Src/stm32f1xx_ll_rcc.o
 .group         0x0000000000000000        0xc Drivers/STM32F1xx_HAL_Driver/Src/stm32f1xx_ll_rcc.o
 .group         0x0000000000000000        0xc Drivers/STM32F1xx_HAL_Driver/Src/stm32f1xx_ll_rcc.o
 .group         0x0000000000000000        0xc Drivers/STM32F1xx_HAL_Driver/Src/stm32f1xx_ll_rcc.o
 .group         0x0000000000000000        0xc Drivers/STM32F1xx_HAL_Driver/Src/stm32f1xx_ll_rcc.o
 .group         0x0000000000000000        0xc Drivers/STM32F1xx_HAL_Driver/Src/stm32f1xx_ll_rcc.o
 .group         0x0000000000000000        0xc Drivers/STM32F1xx_HAL_Driver/Src/stm32f1xx_ll_rcc.o
 .group         0x0000000000000000        0xc Drivers/STM32F1xx_HAL_Driver/Src/stm32f1xx_ll_rcc.o
 .group         0x0000000000000000        0xc Drivers/STM32F1xx_HAL_Driver/Src/stm32f1xx_ll_rcc.o
 .group         0x0000000000000000        0xc Drivers/STM32F1xx_HAL_Driver/Src/stm32f1xx_ll_rcc.o
 .group         0x0000000000000000        0xc Drivers/STM32F1xx_HAL_Driver/Src/stm32f1xx_ll_rcc.o
 .text          0x0000000000000000        0x0 Drivers/STM32F1xx_HAL_Driver/Src/stm32f1xx_ll_rcc.o
 .data          0x0000000000000000        0x0 Drivers/STM32F1xx_HAL_Driver/Src/stm32f1xx_ll_rcc.o
 .bss           0x0000000000000000        0x0 Drivers/STM32F1xx_HAL_Driver/Src/stm32f1xx_ll_rcc.o
 .text.LL_RCC_HSI_Enable
                0x0000000000000000       0x1c Drivers/STM32F1xx_HAL_Driver/Src/stm32f1xx_ll_rcc.o
 .text.LL_RCC_HSI_IsReady
                0x0000000000000000       0x24 Drivers/STM32F1xx_HAL_Driver/Src/stm32f1xx_ll_rcc.o
 .text.LL_RCC_HSI_SetCalibTrimming
                0x0000000000000000       0x28 Drivers/STM32F1xx_HAL_Driver/Src/stm32f1xx_ll_rcc.o
 .text.LL_RCC_SetSysClkSource
                0x0000000000000000       0x28 Drivers/STM32F1xx_HAL_Driver/Src/stm32f1xx_ll_rcc.o
 .text.LL_RCC_GetSysClkSource
                0x0000000000000000       0x18 Drivers/STM32F1xx_HAL_Driver/Src/stm32f1xx_ll_rcc.o
 .text.LL_RCC_GetAHBPrescaler
                0x0000000000000000       0x18 Drivers/STM32F1xx_HAL_Driver/Src/stm32f1xx_ll_rcc.o
 .text.LL_RCC_GetAPB1Prescaler
                0x0000000000000000       0x18 Drivers/STM32F1xx_HAL_Driver/Src/stm32f1xx_ll_rcc.o
 .text.LL_RCC_GetAPB2Prescaler
                0x0000000000000000       0x18 Drivers/STM32F1xx_HAL_Driver/Src/stm32f1xx_ll_rcc.o
 .text.LL_RCC_GetUSBClockSource
                0x0000000000000000       0x20 Drivers/STM32F1xx_HAL_Driver/Src/stm32f1xx_ll_rcc.o
 .text.LL_RCC_GetADCClockSource
                0x0000000000000000       0x20 Drivers/STM32F1xx_HAL_Driver/Src/stm32f1xx_ll_rcc.o
 .text.LL_RCC_PLL_IsReady
                0x0000000000000000       0x24 Drivers/STM32F1xx_HAL_Driver/Src/stm32f1xx_ll_rcc.o
 .text.LL_RCC_PLL_GetMainSource
                0x0000000000000000       0x18 Drivers/STM32F1xx_HAL_Driver/Src/stm32f1xx_ll_rcc.o
 .text.LL_RCC_PLL_GetMultiplicator
                0x0000000000000000       0x18 Drivers/STM32F1xx_HAL_Driver/Src/stm32f1xx_ll_rcc.o
 .text.LL_RCC_PLL_GetPrediv
                0x0000000000000000       0x1c Drivers/STM32F1xx_HAL_Driver/Src/stm32f1xx_ll_rcc.o
 .text.LL_RCC_ClearResetFlags
                0x0000000000000000       0x1c Drivers/STM32F1xx_HAL_Driver/Src/stm32f1xx_ll_rcc.o
 .text.LL_RCC_DeInit
                0x0000000000000000       0x6c Drivers/STM32F1xx_HAL_Driver/Src/stm32f1xx_ll_rcc.o
 .text.LL_RCC_GetSystemClocksFreq
                0x0000000000000000       0x4a Drivers/STM32F1xx_HAL_Driver/Src/stm32f1xx_ll_rcc.o
 .text.LL_RCC_GetUSBClockFreq
                0x0000000000000000       0x58 Drivers/STM32F1xx_HAL_Driver/Src/stm32f1xx_ll_rcc.o
 .text.LL_RCC_GetADCClockFreq
                0x0000000000000000       0x5c Drivers/STM32F1xx_HAL_Driver/Src/stm32f1xx_ll_rcc.o
 .text.RCC_GetSystemClockFreq
                0x0000000000000000       0x44 Drivers/STM32F1xx_HAL_Driver/Src/stm32f1xx_ll_rcc.o
 .text.RCC_GetHCLKClockFreq
                0x0000000000000000       0x2c Drivers/STM32F1xx_HAL_Driver/Src/stm32f1xx_ll_rcc.o
 .text.RCC_GetPCLK1ClockFreq
                0x0000000000000000       0x28 Drivers/STM32F1xx_HAL_Driver/Src/stm32f1xx_ll_rcc.o
 .text.RCC_GetPCLK2ClockFreq
                0x0000000000000000       0x28 Drivers/STM32F1xx_HAL_Driver/Src/stm32f1xx_ll_rcc.o
 .text.RCC_PLL_GetFreqDomain_SYS
                0x0000000000000000       0x60 Drivers/STM32F1xx_HAL_Driver/Src/stm32f1xx_ll_rcc.o
 .debug_info    0x0000000000000000      0x591 Drivers/STM32F1xx_HAL_Driver/Src/stm32f1xx_ll_rcc.o
 .debug_abbrev  0x0000000000000000      0x250 Drivers/STM32F1xx_HAL_Driver/Src/stm32f1xx_ll_rcc.o
 .debug_aranges
                0x0000000000000000       0xd8 Drivers/STM32F1xx_HAL_Driver/Src/stm32f1xx_ll_rcc.o
 .debug_ranges  0x0000000000000000       0xc8 Drivers/STM32F1xx_HAL_Driver/Src/stm32f1xx_ll_rcc.o
 .debug_macro   0x0000000000000000       0xdd Drivers/STM32F1xx_HAL_Driver/Src/stm32f1xx_ll_rcc.o
 .debug_macro   0x0000000000000000      0xa8a Drivers/STM32F1xx_HAL_Driver/Src/stm32f1xx_ll_rcc.o
 .debug_macro   0x0000000000000000       0x2e Drivers/STM32F1xx_HAL_Driver/Src/stm32f1xx_ll_rcc.o
 .debug_macro   0x0000000000000000       0x22 Drivers/STM32F1xx_HAL_Driver/Src/stm32f1xx_ll_rcc.o
 .debug_macro   0x0000000000000000       0x22 Drivers/STM32F1xx_HAL_Driver/Src/stm32f1xx_ll_rcc.o
 .debug_macro   0x0000000000000000       0x8e Drivers/STM32F1xx_HAL_Driver/Src/stm32f1xx_ll_rcc.o
 .debug_macro   0x0000000000000000       0x51 Drivers/STM32F1xx_HAL_Driver/Src/stm32f1xx_ll_rcc.o
 .debug_macro   0x0000000000000000       0xef Drivers/STM32F1xx_HAL_Driver/Src/stm32f1xx_ll_rcc.o
 .debug_macro   0x0000000000000000       0x6a Drivers/STM32F1xx_HAL_Driver/Src/stm32f1xx_ll_rcc.o
 .debug_macro   0x0000000000000000      0x1df Drivers/STM32F1xx_HAL_Driver/Src/stm32f1xx_ll_rcc.o
 .debug_macro   0x0000000000000000       0x1c Drivers/STM32F1xx_HAL_Driver/Src/stm32f1xx_ll_rcc.o
 .debug_macro   0x0000000000000000       0x22 Drivers/STM32F1xx_HAL_Driver/Src/stm32f1xx_ll_rcc.o
 .debug_macro   0x0000000000000000       0xc3 Drivers/STM32F1xx_HAL_Driver/Src/stm32f1xx_ll_rcc.o
 .debug_macro   0x0000000000000000      0xd23 Drivers/STM32F1xx_HAL_Driver/Src/stm32f1xx_ll_rcc.o
 .debug_macro   0x0000000000000000     0xe09e Drivers/STM32F1xx_HAL_Driver/Src/stm32f1xx_ll_rcc.o
 .debug_macro   0x0000000000000000       0x6d Drivers/STM32F1xx_HAL_Driver/Src/stm32f1xx_ll_rcc.o
 .debug_macro   0x0000000000000000      0x2b8 Drivers/STM32F1xx_HAL_Driver/Src/stm32f1xx_ll_rcc.o
 .debug_line    0x0000000000000000      0x6ae Drivers/STM32F1xx_HAL_Driver/Src/stm32f1xx_ll_rcc.o
 .debug_str     0x0000000000000000    0x55b57 Drivers/STM32F1xx_HAL_Driver/Src/stm32f1xx_ll_rcc.o
 .comment       0x0000000000000000       0x7c Drivers/STM32F1xx_HAL_Driver/Src/stm32f1xx_ll_rcc.o
 .debug_frame   0x0000000000000000      0x34c Drivers/STM32F1xx_HAL_Driver/Src/stm32f1xx_ll_rcc.o
 .ARM.attributes
                0x0000000000000000       0x33 Drivers/STM32F1xx_HAL_Driver/Src/stm32f1xx_ll_rcc.o
 .group         0x0000000000000000        0xc Drivers/STM32F1xx_HAL_Driver/Src/stm32f1xx_ll_utils.o
 .group         0x0000000000000000        0xc Drivers/STM32F1xx_HAL_Driver/Src/stm32f1xx_ll_utils.o
 .group         0x0000000000000000        0xc Drivers/STM32F1xx_HAL_Driver/Src/stm32f1xx_ll_utils.o
 .group         0x0000000000000000        0xc Drivers/STM32F1xx_HAL_Driver/Src/stm32f1xx_ll_utils.o
 .group         0x0000000000000000        0xc Drivers/STM32F1xx_HAL_Driver/Src/stm32f1xx_ll_utils.o
 .group         0x0000000000000000        0xc Drivers/STM32F1xx_HAL_Driver/Src/stm32f1xx_ll_utils.o
 .group         0x0000000000000000        0xc Drivers/STM32F1xx_HAL_Driver/Src/stm32f1xx_ll_utils.o
 .group         0x0000000000000000        0xc Drivers/STM32F1xx_HAL_Driver/Src/stm32f1xx_ll_utils.o
 .group         0x0000000000000000        0xc Drivers/STM32F1xx_HAL_Driver/Src/stm32f1xx_ll_utils.o
 .group         0x0000000000000000        0xc Drivers/STM32F1xx_HAL_Driver/Src/stm32f1xx_ll_utils.o
 .group         0x0000000000000000        0xc Drivers/STM32F1xx_HAL_Driver/Src/stm32f1xx_ll_utils.o
 .group         0x0000000000000000        0xc Drivers/STM32F1xx_HAL_Driver/Src/stm32f1xx_ll_utils.o
 .group         0x0000000000000000        0xc Drivers/STM32F1xx_HAL_Driver/Src/stm32f1xx_ll_utils.o
 .group         0x0000000000000000        0xc Drivers/STM32F1xx_HAL_Driver/Src/stm32f1xx_ll_utils.o
 .group         0x0000000000000000        0xc Drivers/STM32F1xx_HAL_Driver/Src/stm32f1xx_ll_utils.o
 .group         0x0000000000000000        0xc Drivers/STM32F1xx_HAL_Driver/Src/stm32f1xx_ll_utils.o
 .group         0x0000000000000000        0xc Drivers/STM32F1xx_HAL_Driver/Src/stm32f1xx_ll_utils.o
 .group         0x0000000000000000        0xc Drivers/STM32F1xx_HAL_Driver/Src/stm32f1xx_ll_utils.o
 .text          0x0000000000000000        0x0 Drivers/STM32F1xx_HAL_Driver/Src/stm32f1xx_ll_utils.o
 .data          0x0000000000000000        0x0 Drivers/STM32F1xx_HAL_Driver/Src/stm32f1xx_ll_utils.o
 .bss           0x0000000000000000        0x0 Drivers/STM32F1xx_HAL_Driver/Src/stm32f1xx_ll_utils.o
 .text.LL_RCC_HSE_EnableBypass
                0x0000000000000000       0x1c Drivers/STM32F1xx_HAL_Driver/Src/stm32f1xx_ll_utils.o
 .text.LL_RCC_HSE_DisableBypass
                0x0000000000000000       0x1c Drivers/STM32F1xx_HAL_Driver/Src/stm32f1xx_ll_utils.o
 .text.LL_RCC_HSE_Enable
                0x0000000000000000       0x1c Drivers/STM32F1xx_HAL_Driver/Src/stm32f1xx_ll_utils.o
 .text.LL_RCC_HSE_IsReady
                0x0000000000000000       0x24 Drivers/STM32F1xx_HAL_Driver/Src/stm32f1xx_ll_utils.o
 .text.LL_RCC_HSI_Enable
                0x0000000000000000       0x1c Drivers/STM32F1xx_HAL_Driver/Src/stm32f1xx_ll_utils.o
 .text.LL_RCC_HSI_IsReady
                0x0000000000000000       0x24 Drivers/STM32F1xx_HAL_Driver/Src/stm32f1xx_ll_utils.o
 .text.LL_RCC_SetSysClkSource
                0x0000000000000000       0x28 Drivers/STM32F1xx_HAL_Driver/Src/stm32f1xx_ll_utils.o
 .text.LL_RCC_GetSysClkSource
                0x0000000000000000       0x18 Drivers/STM32F1xx_HAL_Driver/Src/stm32f1xx_ll_utils.o
 .text.LL_RCC_SetAHBPrescaler
                0x0000000000000000       0x28 Drivers/STM32F1xx_HAL_Driver/Src/stm32f1xx_ll_utils.o
 .text.LL_RCC_SetAPB1Prescaler
                0x0000000000000000       0x28 Drivers/STM32F1xx_HAL_Driver/Src/stm32f1xx_ll_utils.o
 .text.LL_RCC_SetAPB2Prescaler
                0x0000000000000000       0x28 Drivers/STM32F1xx_HAL_Driver/Src/stm32f1xx_ll_utils.o
 .text.LL_RCC_GetAHBPrescaler
                0x0000000000000000       0x18 Drivers/STM32F1xx_HAL_Driver/Src/stm32f1xx_ll_utils.o
 .text.LL_RCC_PLL_Enable
                0x0000000000000000       0x1c Drivers/STM32F1xx_HAL_Driver/Src/stm32f1xx_ll_utils.o
 .text.LL_RCC_PLL_IsReady
                0x0000000000000000       0x24 Drivers/STM32F1xx_HAL_Driver/Src/stm32f1xx_ll_utils.o
 .text.LL_RCC_PLL_ConfigDomain_SYS
                0x0000000000000000       0x30 Drivers/STM32F1xx_HAL_Driver/Src/stm32f1xx_ll_utils.o
 .text.LL_FLASH_SetLatency
                0x0000000000000000       0x28 Drivers/STM32F1xx_HAL_Driver/Src/stm32f1xx_ll_utils.o
 .text.LL_FLASH_GetLatency
                0x0000000000000000       0x18 Drivers/STM32F1xx_HAL_Driver/Src/stm32f1xx_ll_utils.o
 .text.LL_mDelay
                0x0000000000000000       0x48 Drivers/STM32F1xx_HAL_Driver/Src/stm32f1xx_ll_utils.o
 .text.LL_SetFlashLatency
                0x0000000000000000       0x8c Drivers/STM32F1xx_HAL_Driver/Src/stm32f1xx_ll_utils.o
 .text.LL_PLL_ConfigSystemClock_HSI
                0x0000000000000000       0x74 Drivers/STM32F1xx_HAL_Driver/Src/stm32f1xx_ll_utils.o
 .text.LL_PLL_ConfigSystemClock_HSE
                0x0000000000000000       0x60 Drivers/STM32F1xx_HAL_Driver/Src/stm32f1xx_ll_utils.o
 .text.UTILS_GetPLLOutputFrequency
                0x0000000000000000       0x36 Drivers/STM32F1xx_HAL_Driver/Src/stm32f1xx_ll_utils.o
 .text.UTILS_PLL_HSE_ConfigSystemClock
                0x0000000000000000       0x56 Drivers/STM32F1xx_HAL_Driver/Src/stm32f1xx_ll_utils.o
 .text.UTILS_PLL_IsBusy
                0x0000000000000000       0x22 Drivers/STM32F1xx_HAL_Driver/Src/stm32f1xx_ll_utils.o
 .text.UTILS_EnablePLLAndSwitchSystem
                0x0000000000000000       0xc4 Drivers/STM32F1xx_HAL_Driver/Src/stm32f1xx_ll_utils.o
 .debug_macro   0x0000000000000000      0xa8a Drivers/STM32F1xx_HAL_Driver/Src/stm32f1xx_ll_utils.o
 .debug_macro   0x0000000000000000       0x2e Drivers/STM32F1xx_HAL_Driver/Src/stm32f1xx_ll_utils.o
 .debug_macro   0x0000000000000000       0x22 Drivers/STM32F1xx_HAL_Driver/Src/stm32f1xx_ll_utils.o
 .debug_macro   0x0000000000000000       0x22 Drivers/STM32F1xx_HAL_Driver/Src/stm32f1xx_ll_utils.o
 .debug_macro   0x0000000000000000       0x8e Drivers/STM32F1xx_HAL_Driver/Src/stm32f1xx_ll_utils.o
 .debug_macro   0x0000000000000000       0x51 Drivers/STM32F1xx_HAL_Driver/Src/stm32f1xx_ll_utils.o
 .debug_macro   0x0000000000000000       0xef Drivers/STM32F1xx_HAL_Driver/Src/stm32f1xx_ll_utils.o
 .debug_macro   0x0000000000000000       0x6a Drivers/STM32F1xx_HAL_Driver/Src/stm32f1xx_ll_utils.o
 .debug_macro   0x0000000000000000      0x1df Drivers/STM32F1xx_HAL_Driver/Src/stm32f1xx_ll_utils.o
 .debug_macro   0x0000000000000000       0x1c Drivers/STM32F1xx_HAL_Driver/Src/stm32f1xx_ll_utils.o
 .debug_macro   0x0000000000000000       0x22 Drivers/STM32F1xx_HAL_Driver/Src/stm32f1xx_ll_utils.o
 .debug_macro   0x0000000000000000       0xc3 Drivers/STM32F1xx_HAL_Driver/Src/stm32f1xx_ll_utils.o
 .debug_macro   0x0000000000000000      0xd23 Drivers/STM32F1xx_HAL_Driver/Src/stm32f1xx_ll_utils.o
 .debug_macro   0x0000000000000000     0xe09e Drivers/STM32F1xx_HAL_Driver/Src/stm32f1xx_ll_utils.o
 .debug_macro   0x0000000000000000       0x6d Drivers/STM32F1xx_HAL_Driver/Src/stm32f1xx_ll_utils.o
 .debug_macro   0x0000000000000000      0x2b8 Drivers/STM32F1xx_HAL_Driver/Src/stm32f1xx_ll_utils.o
 .debug_macro   0x0000000000000000       0x2a Drivers/STM32F1xx_HAL_Driver/Src/stm32f1xx_ll_utils.o
 .debug_macro   0x0000000000000000       0x74 Drivers/STM32F1xx_HAL_Driver/Src/stm32f1xx_ll_utils.o
 .text          0x0000000000000000        0x0 c:/st/stm32cubeide_1.5.0/stm32cubeide/plugins/com.st.stm32cube.ide.mcu.externaltools.gnu-tools-for-stm32.7-2018-q2-update.win32_1.5.0.202011040924/tools/bin/../lib/gcc/arm-none-eabi/7.3.1/../../../../arm-none-eabi/lib/thumb/v7-m\libc_nano.a(lib_a-errno.o)
 .data          0x0000000000000000        0x0 c:/st/stm32cubeide_1.5.0/stm32cubeide/plugins/com.st.stm32cube.ide.mcu.externaltools.gnu-tools-for-stm32.7-2018-q2-update.win32_1.5.0.202011040924/tools/bin/../lib/gcc/arm-none-eabi/7.3.1/../../../../arm-none-eabi/lib/thumb/v7-m\libc_nano.a(lib_a-errno.o)
 .bss           0x0000000000000000        0x0 c:/st/stm32cubeide_1.5.0/stm32cubeide/plugins/com.st.stm32cube.ide.mcu.externaltools.gnu-tools-for-stm32.7-2018-q2-update.win32_1.5.0.202011040924/tools/bin/../lib/gcc/arm-none-eabi/7.3.1/../../../../arm-none-eabi/lib/thumb/v7-m\libc_nano.a(lib_a-errno.o)
 .text.__errno  0x0000000000000000        0xc c:/st/stm32cubeide_1.5.0/stm32cubeide/plugins/com.st.stm32cube.ide.mcu.externaltools.gnu-tools-for-stm32.7-2018-q2-update.win32_1.5.0.202011040924/tools/bin/../lib/gcc/arm-none-eabi/7.3.1/../../../../arm-none-eabi/lib/thumb/v7-m\libc_nano.a(lib_a-errno.o)
 .debug_frame   0x0000000000000000       0x20 c:/st/stm32cubeide_1.5.0/stm32cubeide/plugins/com.st.stm32cube.ide.mcu.externaltools.gnu-tools-for-stm32.7-2018-q2-update.win32_1.5.0.202011040924/tools/bin/../lib/gcc/arm-none-eabi/7.3.1/../../../../arm-none-eabi/lib/thumb/v7-m\libc_nano.a(lib_a-errno.o)
 .ARM.attributes
                0x0000000000000000       0x2d c:/st/stm32cubeide_1.5.0/stm32cubeide/plugins/com.st.stm32cube.ide.mcu.externaltools.gnu-tools-for-stm32.7-2018-q2-update.win32_1.5.0.202011040924/tools/bin/../lib/gcc/arm-none-eabi/7.3.1/../../../../arm-none-eabi/lib/thumb/v7-m\libc_nano.a(lib_a-errno.o)
 .text          0x0000000000000000        0x0 c:/st/stm32cubeide_1.5.0/stm32cubeide/plugins/com.st.stm32cube.ide.mcu.externaltools.gnu-tools-for-stm32.7-2018-q2-update.win32_1.5.0.202011040924/tools/bin/../lib/gcc/arm-none-eabi/7.3.1/../../../../arm-none-eabi/lib/thumb/v7-m\libc_nano.a(lib_a-exit.o)
 .data          0x0000000000000000        0x0 c:/st/stm32cubeide_1.5.0/stm32cubeide/plugins/com.st.stm32cube.ide.mcu.externaltools.gnu-tools-for-stm32.7-2018-q2-update.win32_1.5.0.202011040924/tools/bin/../lib/gcc/arm-none-eabi/7.3.1/../../../../arm-none-eabi/lib/thumb/v7-m\libc_nano.a(lib_a-exit.o)
 .bss           0x0000000000000000        0x0 c:/st/stm32cubeide_1.5.0/stm32cubeide/plugins/com.st.stm32cube.ide.mcu.externaltools.gnu-tools-for-stm32.7-2018-q2-update.win32_1.5.0.202011040924/tools/bin/../lib/gcc/arm-none-eabi/7.3.1/../../../../arm-none-eabi/lib/thumb/v7-m\libc_nano.a(lib_a-exit.o)
 .text.exit     0x0000000000000000       0x28 c:/st/stm32cubeide_1.5.0/stm32cubeide/plugins/com.st.stm32cube.ide.mcu.externaltools.gnu-tools-for-stm32.7-2018-q2-update.win32_1.5.0.202011040924/tools/bin/../lib/gcc/arm-none-eabi/7.3.1/../../../../arm-none-eabi/lib/thumb/v7-m\libc_nano.a(lib_a-exit.o)
 .debug_frame   0x0000000000000000       0x28 c:/st/stm32cubeide_1.5.0/stm32cubeide/plugins/com.st.stm32cube.ide.mcu.externaltools.gnu-tools-for-stm32.7-2018-q2-update.win32_1.5.0.202011040924/tools/bin/../lib/gcc/arm-none-eabi/7.3.1/../../../../arm-none-eabi/lib/thumb/v7-m\libc_nano.a(lib_a-exit.o)
 .ARM.attributes
                0x0000000000000000       0x2d c:/st/stm32cubeide_1.5.0/stm32cubeide/plugins/com.st.stm32cube.ide.mcu.externaltools.gnu-tools-for-stm32.7-2018-q2-update.win32_1.5.0.202011040924/tools/bin/../lib/gcc/arm-none-eabi/7.3.1/../../../../arm-none-eabi/lib/thumb/v7-m\libc_nano.a(lib_a-exit.o)
 .text          0x0000000000000000        0x0 c:/st/stm32cubeide_1.5.0/stm32cubeide/plugins/com.st.stm32cube.ide.mcu.externaltools.gnu-tools-for-stm32.7-2018-q2-update.win32_1.5.0.202011040924/tools/bin/../lib/gcc/arm-none-eabi/7.3.1/../../../../arm-none-eabi/lib/thumb/v7-m\libc_nano.a(lib_a-impure.o)
 .data          0x0000000000000000        0x0 c:/st/stm32cubeide_1.5.0/stm32cubeide/plugins/com.st.stm32cube.ide.mcu.externaltools.gnu-tools-for-stm32.7-2018-q2-update.win32_1.5.0.202011040924/tools/bin/../lib/gcc/arm-none-eabi/7.3.1/../../../../arm-none-eabi/lib/thumb/v7-m\libc_nano.a(lib_a-impure.o)
 .bss           0x0000000000000000        0x0 c:/st/stm32cubeide_1.5.0/stm32cubeide/plugins/com.st.stm32cube.ide.mcu.externaltools.gnu-tools-for-stm32.7-2018-q2-update.win32_1.5.0.202011040924/tools/bin/../lib/gcc/arm-none-eabi/7.3.1/../../../../arm-none-eabi/lib/thumb/v7-m\libc_nano.a(lib_a-impure.o)
 .data._impure_ptr
                0x0000000000000000        0x4 c:/st/stm32cubeide_1.5.0/stm32cubeide/plugins/com.st.stm32cube.ide.mcu.externaltools.gnu-tools-for-stm32.7-2018-q2-update.win32_1.5.0.202011040924/tools/bin/../lib/gcc/arm-none-eabi/7.3.1/../../../../arm-none-eabi/lib/thumb/v7-m\libc_nano.a(lib_a-impure.o)
 .data.impure_data
                0x0000000000000000       0x60 c:/st/stm32cubeide_1.5.0/stm32cubeide/plugins/com.st.stm32cube.ide.mcu.externaltools.gnu-tools-for-stm32.7-2018-q2-update.win32_1.5.0.202011040924/tools/bin/../lib/gcc/arm-none-eabi/7.3.1/../../../../arm-none-eabi/lib/thumb/v7-m\libc_nano.a(lib_a-impure.o)
 .rodata._global_impure_ptr
                0x0000000000000000        0x4 c:/st/stm32cubeide_1.5.0/stm32cubeide/plugins/com.st.stm32cube.ide.mcu.externaltools.gnu-tools-for-stm32.7-2018-q2-update.win32_1.5.0.202011040924/tools/bin/../lib/gcc/arm-none-eabi/7.3.1/../../../../arm-none-eabi/lib/thumb/v7-m\libc_nano.a(lib_a-impure.o)
 .ARM.attributes
                0x0000000000000000       0x2d c:/st/stm32cubeide_1.5.0/stm32cubeide/plugins/com.st.stm32cube.ide.mcu.externaltools.gnu-tools-for-stm32.7-2018-q2-update.win32_1.5.0.202011040924/tools/bin/../lib/gcc/arm-none-eabi/7.3.1/../../../../arm-none-eabi/lib/thumb/v7-m\libc_nano.a(lib_a-impure.o)
 .text          0x0000000000000000        0x0 c:/st/stm32cubeide_1.5.0/stm32cubeide/plugins/com.st.stm32cube.ide.mcu.externaltools.gnu-tools-for-stm32.7-2018-q2-update.win32_1.5.0.202011040924/tools/bin/../lib/gcc/arm-none-eabi/7.3.1/../../../../arm-none-eabi/lib/thumb/v7-m\libc_nano.a(lib_a-init.o)
 .data          0x0000000000000000        0x0 c:/st/stm32cubeide_1.5.0/stm32cubeide/plugins/com.st.stm32cube.ide.mcu.externaltools.gnu-tools-for-stm32.7-2018-q2-update.win32_1.5.0.202011040924/tools/bin/../lib/gcc/arm-none-eabi/7.3.1/../../../../arm-none-eabi/lib/thumb/v7-m\libc_nano.a(lib_a-init.o)
 .bss           0x0000000000000000        0x0 c:/st/stm32cubeide_1.5.0/stm32cubeide/plugins/com.st.stm32cube.ide.mcu.externaltools.gnu-tools-for-stm32.7-2018-q2-update.win32_1.5.0.202011040924/tools/bin/../lib/gcc/arm-none-eabi/7.3.1/../../../../arm-none-eabi/lib/thumb/v7-m\libc_nano.a(lib_a-init.o)
 .text          0x0000000000000000        0x0 c:/st/stm32cubeide_1.5.0/stm32cubeide/plugins/com.st.stm32cube.ide.mcu.externaltools.gnu-tools-for-stm32.7-2018-q2-update.win32_1.5.0.202011040924/tools/bin/../lib/gcc/arm-none-eabi/7.3.1/../../../../arm-none-eabi/lib/thumb/v7-m\libc_nano.a(lib_a-memset.o)
 .data          0x0000000000000000        0x0 c:/st/stm32cubeide_1.5.0/stm32cubeide/plugins/com.st.stm32cube.ide.mcu.externaltools.gnu-tools-for-stm32.7-2018-q2-update.win32_1.5.0.202011040924/tools/bin/../lib/gcc/arm-none-eabi/7.3.1/../../../../arm-none-eabi/lib/thumb/v7-m\libc_nano.a(lib_a-memset.o)
 .bss           0x0000000000000000        0x0 c:/st/stm32cubeide_1.5.0/stm32cubeide/plugins/com.st.stm32cube.ide.mcu.externaltools.gnu-tools-for-stm32.7-2018-q2-update.win32_1.5.0.202011040924/tools/bin/../lib/gcc/arm-none-eabi/7.3.1/../../../../arm-none-eabi/lib/thumb/v7-m\libc_nano.a(lib_a-memset.o)
 .text.memset   0x0000000000000000       0x10 c:/st/stm32cubeide_1.5.0/stm32cubeide/plugins/com.st.stm32cube.ide.mcu.externaltools.gnu-tools-for-stm32.7-2018-q2-update.win32_1.5.0.202011040924/tools/bin/../lib/gcc/arm-none-eabi/7.3.1/../../../../arm-none-eabi/lib/thumb/v7-m\libc_nano.a(lib_a-memset.o)
 .debug_frame   0x0000000000000000       0x20 c:/st/stm32cubeide_1.5.0/stm32cubeide/plugins/com.st.stm32cube.ide.mcu.externaltools.gnu-tools-for-stm32.7-2018-q2-update.win32_1.5.0.202011040924/tools/bin/../lib/gcc/arm-none-eabi/7.3.1/../../../../arm-none-eabi/lib/thumb/v7-m\libc_nano.a(lib_a-memset.o)
 .ARM.attributes
                0x0000000000000000       0x2d c:/st/stm32cubeide_1.5.0/stm32cubeide/plugins/com.st.stm32cube.ide.mcu.externaltools.gnu-tools-for-stm32.7-2018-q2-update.win32_1.5.0.202011040924/tools/bin/../lib/gcc/arm-none-eabi/7.3.1/../../../../arm-none-eabi/lib/thumb/v7-m\libc_nano.a(lib_a-memset.o)
 .text          0x0000000000000000        0x0 c:/st/stm32cubeide_1.5.0/stm32cubeide/plugins/com.st.stm32cube.ide.mcu.externaltools.gnu-tools-for-stm32.7-2018-q2-update.win32_1.5.0.202011040924/tools/bin/../lib/gcc/arm-none-eabi/7.3.1/thumb/v7-m/crtend.o
 .data          0x0000000000000000        0x0 c:/st/stm32cubeide_1.5.0/stm32cubeide/plugins/com.st.stm32cube.ide.mcu.externaltools.gnu-tools-for-stm32.7-2018-q2-update.win32_1.5.0.202011040924/tools/bin/../lib/gcc/arm-none-eabi/7.3.1/thumb/v7-m/crtend.o
 .bss           0x0000000000000000        0x0 c:/st/stm32cubeide_1.5.0/stm32cubeide/plugins/com.st.stm32cube.ide.mcu.externaltools.gnu-tools-for-stm32.7-2018-q2-update.win32_1.5.0.202011040924/tools/bin/../lib/gcc/arm-none-eabi/7.3.1/thumb/v7-m/crtend.o
 .eh_frame      0x0000000000000000        0x4 c:/st/stm32cubeide_1.5.0/stm32cubeide/plugins/com.st.stm32cube.ide.mcu.externaltools.gnu-tools-for-stm32.7-2018-q2-update.win32_1.5.0.202011040924/tools/bin/../lib/gcc/arm-none-eabi/7.3.1/thumb/v7-m/crtend.o
 .ARM.attributes
                0x0000000000000000       0x2d c:/st/stm32cubeide_1.5.0/stm32cubeide/plugins/com.st.stm32cube.ide.mcu.externaltools.gnu-tools-for-stm32.7-2018-q2-update.win32_1.5.0.202011040924/tools/bin/../lib/gcc/arm-none-eabi/7.3.1/thumb/v7-m/crtend.o
 .text          0x0000000000000000        0x0 c:/st/stm32cubeide_1.5.0/stm32cubeide/plugins/com.st.stm32cube.ide.mcu.externaltools.gnu-tools-for-stm32.7-2018-q2-update.win32_1.5.0.202011040924/tools/bin/../lib/gcc/arm-none-eabi/7.3.1/thumb/v7-m/crtn.o
 .data          0x0000000000000000        0x0 c:/st/stm32cubeide_1.5.0/stm32cubeide/plugins/com.st.stm32cube.ide.mcu.externaltools.gnu-tools-for-stm32.7-2018-q2-update.win32_1.5.0.202011040924/tools/bin/../lib/gcc/arm-none-eabi/7.3.1/thumb/v7-m/crtn.o
 .bss           0x0000000000000000        0x0 c:/st/stm32cubeide_1.5.0/stm32cubeide/plugins/com.st.stm32cube.ide.mcu.externaltools.gnu-tools-for-stm32.7-2018-q2-update.win32_1.5.0.202011040924/tools/bin/../lib/gcc/arm-none-eabi/7.3.1/thumb/v7-m/crtn.o

Memory Configuration

Name             Origin             Length             Attributes
RAM              0x0000000020000000 0x0000000000005000 xrw
FLASH            0x0000000008000000 0x0000000000010000 xr
*default*        0x0000000000000000 0xffffffffffffffff

Linker script and memory map

LOAD c:/st/stm32cubeide_1.5.0/stm32cubeide/plugins/com.st.stm32cube.ide.mcu.externaltools.gnu-tools-for-stm32.7-2018-q2-update.win32_1.5.0.202011040924/tools/bin/../lib/gcc/arm-none-eabi/7.3.1/thumb/v7-m/crti.o
LOAD c:/st/stm32cubeide_1.5.0/stm32cubeide/plugins/com.st.stm32cube.ide.mcu.externaltools.gnu-tools-for-stm32.7-2018-q2-update.win32_1.5.0.202011040924/tools/bin/../lib/gcc/arm-none-eabi/7.3.1/thumb/v7-m/crtbegin.o
LOAD c:/st/stm32cubeide_1.5.0/stm32cubeide/plugins/com.st.stm32cube.ide.mcu.externaltools.gnu-tools-for-stm32.7-2018-q2-update.win32_1.5.0.202011040924/tools/bin/../lib/gcc/arm-none-eabi/7.3.1/../../../../arm-none-eabi/lib/thumb/v7-m/crt0.o
LOAD Core/Src/main.o
LOAD Core/Src/stm32f1xx_it.o
LOAD Core/Src/syscalls.o
LOAD Core/Src/sysmem.o
LOAD Core/Src/system_stm32f1xx.o
LOAD Core/Startup/startup_stm32f103c8tx.o
LOAD Drivers/STM32F1xx_HAL_Driver/Src/stm32f1xx_ll_exti.o
LOAD Drivers/STM32F1xx_HAL_Driver/Src/stm32f1xx_ll_gpio.o
LOAD Drivers/STM32F1xx_HAL_Driver/Src/stm32f1xx_ll_pwr.o
LOAD Drivers/STM32F1xx_HAL_Driver/Src/stm32f1xx_ll_rcc.o
LOAD Drivers/STM32F1xx_HAL_Driver/Src/stm32f1xx_ll_utils.o
START GROUP
LOAD c:/st/stm32cubeide_1.5.0/stm32cubeide/plugins/com.st.stm32cube.ide.mcu.externaltools.gnu-tools-for-stm32.7-2018-q2-update.win32_1.5.0.202011040924/tools/bin/../lib/gcc/arm-none-eabi/7.3.1/../../../../arm-none-eabi/lib/thumb/v7-m\libc_nano.a
LOAD c:/st/stm32cubeide_1.5.0/stm32cubeide/plugins/com.st.stm32cube.ide.mcu.externaltools.gnu-tools-for-stm32.7-2018-q2-update.win32_1.5.0.202011040924/tools/bin/../lib/gcc/arm-none-eabi/7.3.1/../../../../arm-none-eabi/lib/thumb/v7-m\libm.a
END GROUP
START GROUP
LOAD c:/st/stm32cubeide_1.5.0/stm32cubeide/plugins/com.st.stm32cube.ide.mcu.externaltools.gnu-tools-for-stm32.7-2018-q2-update.win32_1.5.0.202011040924/tools/bin/../lib/gcc/arm-none-eabi/7.3.1/thumb/v7-m\libgcc.a
LOAD c:/st/stm32cubeide_1.5.0/stm32cubeide/plugins/com.st.stm32cube.ide.mcu.externaltools.gnu-tools-for-stm32.7-2018-q2-update.win32_1.5.0.202011040924/tools/bin/../lib/gcc/arm-none-eabi/7.3.1/../../../../arm-none-eabi/lib/thumb/v7-m\libc_nano.a
END GROUP
START GROUP
LOAD c:/st/stm32cubeide_1.5.0/stm32cubeide/plugins/com.st.stm32cube.ide.mcu.externaltools.gnu-tools-for-stm32.7-2018-q2-update.win32_1.5.0.202011040924/tools/bin/../lib/gcc/arm-none-eabi/7.3.1/thumb/v7-m\libgcc.a
LOAD c:/st/stm32cubeide_1.5.0/stm32cubeide/plugins/com.st.stm32cube.ide.mcu.externaltools.gnu-tools-for-stm32.7-2018-q2-update.win32_1.5.0.202011040924/tools/bin/../lib/gcc/arm-none-eabi/7.3.1/../../../../arm-none-eabi/lib/thumb/v7-m\libc_nano.a
LOAD c:/st/stm32cubeide_1.5.0/stm32cubeide/plugins/com.st.stm32cube.ide.mcu.externaltools.gnu-tools-for-stm32.7-2018-q2-update.win32_1.5.0.202011040924/tools/bin/../lib/gcc/arm-none-eabi/7.3.1/../../../../arm-none-eabi/lib/thumb/v7-m\libnosys.a
END GROUP
START GROUP
LOAD c:/st/stm32cubeide_1.5.0/stm32cubeide/plugins/com.st.stm32cube.ide.mcu.externaltools.gnu-tools-for-stm32.7-2018-q2-update.win32_1.5.0.202011040924/tools/bin/../lib/gcc/arm-none-eabi/7.3.1/thumb/v7-m\libgcc.a
LOAD c:/st/stm32cubeide_1.5.0/stm32cubeide/plugins/com.st.stm32cube.ide.mcu.externaltools.gnu-tools-for-stm32.7-2018-q2-update.win32_1.5.0.202011040924/tools/bin/../lib/gcc/arm-none-eabi/7.3.1/../../../../arm-none-eabi/lib/thumb/v7-m\libc_nano.a
LOAD c:/st/stm32cubeide_1.5.0/stm32cubeide/plugins/com.st.stm32cube.ide.mcu.externaltools.gnu-tools-for-stm32.7-2018-q2-update.win32_1.5.0.202011040924/tools/bin/../lib/gcc/arm-none-eabi/7.3.1/../../../../arm-none-eabi/lib/thumb/v7-m\libnosys.a
END GROUP
LOAD c:/st/stm32cubeide_1.5.0/stm32cubeide/plugins/com.st.stm32cube.ide.mcu.externaltools.gnu-tools-for-stm32.7-2018-q2-update.win32_1.5.0.202011040924/tools/bin/../lib/gcc/arm-none-eabi/7.3.1/thumb/v7-m/crtend.o
LOAD c:/st/stm32cubeide_1.5.0/stm32cubeide/plugins/com.st.stm32cube.ide.mcu.externaltools.gnu-tools-for-stm32.7-2018-q2-update.win32_1.5.0.202011040924/tools/bin/../lib/gcc/arm-none-eabi/7.3.1/thumb/v7-m/crtn.o
                0x0000000020005000                _estack = (ORIGIN (RAM) + LENGTH (RAM))
                0x0000000000000200                _Min_Heap_Size = 0x200
                0x0000000000000400                _Min_Stack_Size = 0x400

.isr_vector     0x0000000008000000      0x10c
                0x0000000008000000                . = ALIGN (0x4)
 *(.isr_vector)
 .isr_vector    0x0000000008000000      0x10c Core/Startup/startup_stm32f103c8tx.o
                0x0000000008000000                g_pfnVectors
                0x000000000800010c                . = ALIGN (0x4)

.text           0x000000000800010c      0x850
                0x000000000800010c                . = ALIGN (0x4)
 *(.text)
 .text          0x000000000800010c       0x40 c:/st/stm32cubeide_1.5.0/stm32cubeide/plugins/com.st.stm32cube.ide.mcu.externaltools.gnu-tools-for-stm32.7-2018-q2-update.win32_1.5.0.202011040924/tools/bin/../lib/gcc/arm-none-eabi/7.3.1/thumb/v7-m/crtbegin.o
 *(.text*)
 .text.__NVIC_SetPriorityGrouping
                0x000000000800014c       0x48 Core/Src/main.o
 .text.LL_RCC_HSE_Enable
                0x0000000008000194       0x1c Core/Src/main.o
 .text.LL_RCC_HSE_IsReady
                0x00000000080001b0       0x24 Core/Src/main.o
 .text.LL_RCC_SetSysClkSource
                0x00000000080001d4       0x28 Core/Src/main.o
 .text.LL_RCC_GetSysClkSource
                0x00000000080001fc       0x18 Core/Src/main.o
 .text.LL_RCC_SetAHBPrescaler
                0x0000000008000214       0x28 Core/Src/main.o
 .text.LL_RCC_SetAPB1Prescaler
                0x000000000800023c       0x28 Core/Src/main.o
 .text.LL_RCC_SetAPB2Prescaler
                0x0000000008000264       0x28 Core/Src/main.o
 .text.LL_RCC_PLL_Enable
                0x000000000800028c       0x1c Core/Src/main.o
 .text.LL_RCC_PLL_IsReady
                0x00000000080002a8       0x24 Core/Src/main.o
 .text.LL_RCC_PLL_ConfigDomain_SYS
                0x00000000080002cc       0x30 Core/Src/main.o
 .text.LL_APB1_GRP1_EnableClock
                0x00000000080002fc       0x30 Core/Src/main.o
 .text.LL_APB2_GRP1_EnableClock
                0x000000000800032c       0x30 Core/Src/main.o
 .text.LL_FLASH_SetLatency
                0x000000000800035c       0x28 Core/Src/main.o
 .text.LL_FLASH_GetLatency
                0x0000000008000384       0x18 Core/Src/main.o
 .text.LL_SYSTICK_EnableIT
                0x000000000800039c       0x1c Core/Src/main.o
 .text.LL_InitTick
                0x00000000080003b8       0x34 Core/Src/main.o
 .text.LL_GPIO_ResetOutputPin
                0x00000000080003ec       0x1e Core/Src/main.o
 .text.LL_GPIO_TogglePin
                0x000000000800040a       0x38 Core/Src/main.o
 *fill*         0x0000000008000442        0x2 
 .text.LL_GPIO_AF_Remap_SWJ_NOJTAG
                0x0000000008000444       0x28 Core/Src/main.o
 .text.main     0x000000000800046c       0x5c Core/Src/main.o
                0x000000000800046c                main
 .text.SystemClock_Config
                0x00000000080004c8       0x7c Core/Src/main.o
                0x00000000080004c8                SystemClock_Config
 .text.MX_GPIO_Init
                0x0000000008000544       0x58 Core/Src/main.o
 .text.NMI_Handler
                0x000000000800059c        0x6 Core/Src/stm32f1xx_it.o
                0x000000000800059c                NMI_Handler
 .text.HardFault_Handler
                0x00000000080005a2        0x6 Core/Src/stm32f1xx_it.o
                0x00000000080005a2                HardFault_Handler
 .text.MemManage_Handler
                0x00000000080005a8        0x6 Core/Src/stm32f1xx_it.o
                0x00000000080005a8                MemManage_Handler
 .text.BusFault_Handler
                0x00000000080005ae        0x6 Core/Src/stm32f1xx_it.o
                0x00000000080005ae                BusFault_Handler
 .text.UsageFault_Handler
                0x00000000080005b4        0x6 Core/Src/stm32f1xx_it.o
                0x00000000080005b4                UsageFault_Handler
 .text.SVC_Handler
                0x00000000080005ba        0xc Core/Src/stm32f1xx_it.o
                0x00000000080005ba                SVC_Handler
 .text.DebugMon_Handler
                0x00000000080005c6        0xc Core/Src/stm32f1xx_it.o
                0x00000000080005c6                DebugMon_Handler
 .text.PendSV_Handler
                0x00000000080005d2        0xc Core/Src/stm32f1xx_it.o
                0x00000000080005d2                PendSV_Handler
 *fill*         0x00000000080005de        0x2 
 .text.SysTick_Handler
                0x00000000080005e0       0x1c Core/Src/stm32f1xx_it.o
                0x00000000080005e0                SysTick_Handler
 .text.SystemInit
                0x00000000080005fc        0xc Core/Src/system_stm32f1xx.o
                0x00000000080005fc                SystemInit
 .text.Reset_Handler
                0x0000000008000608       0x48 Core/Startup/startup_stm32f103c8tx.o
                0x0000000008000608                Reset_Handler
 .text.Default_Handler
                0x0000000008000650        0x2 Core/Startup/startup_stm32f103c8tx.o
                0x0000000008000650                RTC_Alarm_IRQHandler
                0x0000000008000650                EXTI2_IRQHandler
                0x0000000008000650                TIM1_CC_IRQHandler
                0x0000000008000650                PVD_IRQHandler
                0x0000000008000650                EXTI3_IRQHandler
                0x0000000008000650                EXTI0_IRQHandler
                0x0000000008000650                I2C2_EV_IRQHandler
                0x0000000008000650                ADC1_2_IRQHandler
                0x0000000008000650                SPI1_IRQHandler
                0x0000000008000650                TAMPER_IRQHandler
                0x0000000008000650                DMA1_Channel4_IRQHandler
                0x0000000008000650                USART3_IRQHandler
                0x0000000008000650                RTC_IRQHandler
                0x0000000008000650                DMA1_Channel7_IRQHandler
                0x0000000008000650                CAN1_RX1_IRQHandler
                0x0000000008000650                TIM4_IRQHandler
                0x0000000008000650                I2C1_EV_IRQHandler
                0x0000000008000650                DMA1_Channel6_IRQHandler
                0x0000000008000650                TIM3_IRQHandler
                0x0000000008000650                RCC_IRQHandler
                0x0000000008000650                TIM1_TRG_COM_IRQHandler
                0x0000000008000650                DMA1_Channel1_IRQHandler
                0x0000000008000650                Default_Handler
                0x0000000008000650                EXTI15_10_IRQHandler
                0x0000000008000650                EXTI9_5_IRQHandler
                0x0000000008000650                SPI2_IRQHandler
                0x0000000008000650                DMA1_Channel5_IRQHandler
                0x0000000008000650                EXTI4_IRQHandler
                0x0000000008000650                USB_LP_CAN1_RX0_IRQHandler
                0x0000000008000650                USB_HP_CAN1_TX_IRQHandler
                0x0000000008000650                DMA1_Channel3_IRQHandler
                0x0000000008000650                TIM1_UP_IRQHandler
                0x0000000008000650                WWDG_IRQHandler
                0x0000000008000650                TIM2_IRQHandler
                0x0000000008000650                TIM1_BRK_IRQHandler
                0x0000000008000650                EXTI1_IRQHandler
                0x0000000008000650                USART2_IRQHandler
                0x0000000008000650                I2C2_ER_IRQHandler
                0x0000000008000650                DMA1_Channel2_IRQHandler
                0x0000000008000650                CAN1_SCE_IRQHandler
                0x0000000008000650                FLASH_IRQHandler
                0x0000000008000650                USART1_IRQHandler
                0x0000000008000650                I2C1_ER_IRQHandler
                0x0000000008000650                USBWakeUp_IRQHandler
 .text.LL_GPIO_SetPinMode
                0x0000000008000652       0x64 Drivers/STM32F1xx_HAL_Driver/Src/stm32f1xx_ll_gpio.o
 .text.LL_GPIO_SetPinSpeed
                0x00000000080006b6       0x64 Drivers/STM32F1xx_HAL_Driver/Src/stm32f1xx_ll_gpio.o
 .text.LL_GPIO_SetPinOutputType
                0x000000000800071a       0x64 Drivers/STM32F1xx_HAL_Driver/Src/stm32f1xx_ll_gpio.o
 .text.LL_GPIO_SetPinPull
                0x000000000800077e       0x44 Drivers/STM32F1xx_HAL_Driver/Src/stm32f1xx_ll_gpio.o
 .text.LL_GPIO_Init
                0x00000000080007c2       0xcc Drivers/STM32F1xx_HAL_Driver/Src/stm32f1xx_ll_gpio.o
                0x00000000080007c2                LL_GPIO_Init
 *fill*         0x000000000800088e        0x2 
 .text.LL_InitTick
                0x0000000008000890       0x34 Drivers/STM32F1xx_HAL_Driver/Src/stm32f1xx_ll_utils.o
 .text.LL_Init1msTick
                0x00000000080008c4       0x1a Drivers/STM32F1xx_HAL_Driver/Src/stm32f1xx_ll_utils.o
                0x00000000080008c4                LL_Init1msTick
 *fill*         0x00000000080008de        0x2 
 .text.LL_SetSystemCoreClock
                0x00000000080008e0       0x1c Drivers/STM32F1xx_HAL_Driver/Src/stm32f1xx_ll_utils.o
                0x00000000080008e0                LL_SetSystemCoreClock
 .text.__libc_init_array
                0x00000000080008fc       0x48 c:/st/stm32cubeide_1.5.0/stm32cubeide/plugins/com.st.stm32cube.ide.mcu.externaltools.gnu-tools-for-stm32.7-2018-q2-update.win32_1.5.0.202011040924/tools/bin/../lib/gcc/arm-none-eabi/7.3.1/../../../../arm-none-eabi/lib/thumb/v7-m\libc_nano.a(lib_a-init.o)
                0x00000000080008fc                __libc_init_array
 *(.glue_7)
 .glue_7        0x0000000008000944        0x0 linker stubs
 *(.glue_7t)
 .glue_7t       0x0000000008000944        0x0 linker stubs
 *(.eh_frame)
 .eh_frame      0x0000000008000944        0x0 c:/st/stm32cubeide_1.5.0/stm32cubeide/plugins/com.st.stm32cube.ide.mcu.externaltools.gnu-tools-for-stm32.7-2018-q2-update.win32_1.5.0.202011040924/tools/bin/../lib/gcc/arm-none-eabi/7.3.1/thumb/v7-m/crtbegin.o
 *(.init)
 .init          0x0000000008000944        0x4 c:/st/stm32cubeide_1.5.0/stm32cubeide/plugins/com.st.stm32cube.ide.mcu.externaltools.gnu-tools-for-stm32.7-2018-q2-update.win32_1.5.0.202011040924/tools/bin/../lib/gcc/arm-none-eabi/7.3.1/thumb/v7-m/crti.o
                0x0000000008000944                _init
 .init          0x0000000008000948        0x8 c:/st/stm32cubeide_1.5.0/stm32cubeide/plugins/com.st.stm32cube.ide.mcu.externaltools.gnu-tools-for-stm32.7-2018-q2-update.win32_1.5.0.202011040924/tools/bin/../lib/gcc/arm-none-eabi/7.3.1/thumb/v7-m/crtn.o
 *(.fini)
 .fini          0x0000000008000950        0x4 c:/st/stm32cubeide_1.5.0/stm32cubeide/plugins/com.st.stm32cube.ide.mcu.externaltools.gnu-tools-for-stm32.7-2018-q2-update.win32_1.5.0.202011040924/tools/bin/../lib/gcc/arm-none-eabi/7.3.1/thumb/v7-m/crti.o
                0x0000000008000950                _fini
 .fini          0x0000000008000954        0x8 c:/st/stm32cubeide_1.5.0/stm32cubeide/plugins/com.st.stm32cube.ide.mcu.externaltools.gnu-tools-for-stm32.7-2018-q2-update.win32_1.5.0.202011040924/tools/bin/../lib/gcc/arm-none-eabi/7.3.1/thumb/v7-m/crtn.o
                0x000000000800095c                . = ALIGN (0x4)
                0x000000000800095c                _etext = .

.vfp11_veneer   0x000000000800095c        0x0
 .vfp11_veneer  0x000000000800095c        0x0 linker stubs

.v4_bx          0x000000000800095c        0x0
 .v4_bx         0x000000000800095c        0x0 linker stubs

.iplt           0x000000000800095c        0x0
 .iplt          0x000000000800095c        0x0 c:/st/stm32cubeide_1.5.0/stm32cubeide/plugins/com.st.stm32cube.ide.mcu.externaltools.gnu-tools-for-stm32.7-2018-q2-update.win32_1.5.0.202011040924/tools/bin/../lib/gcc/arm-none-eabi/7.3.1/thumb/v7-m/crtbegin.o

.rel.dyn        0x000000000800095c        0x0
 .rel.iplt      0x000000000800095c        0x0 c:/st/stm32cubeide_1.5.0/stm32cubeide/plugins/com.st.stm32cube.ide.mcu.externaltools.gnu-tools-for-stm32.7-2018-q2-update.win32_1.5.0.202011040924/tools/bin/../lib/gcc/arm-none-eabi/7.3.1/thumb/v7-m/crtbegin.o

.rodata         0x000000000800095c        0x0
                0x000000000800095c                . = ALIGN (0x4)
 *(.rodata)
 *(.rodata*)
                0x000000000800095c                . = ALIGN (0x4)

.ARM.extab      0x000000000800095c        0x0
                0x000000000800095c                . = ALIGN (0x4)
 *(.ARM.extab* .gnu.linkonce.armextab.*)
                0x000000000800095c                . = ALIGN (0x4)

.ARM            0x000000000800095c        0x0
                0x000000000800095c                . = ALIGN (0x4)
                0x000000000800095c                __exidx_start = .
 *(.ARM.exidx*)
                0x000000000800095c                __exidx_end = .
                0x000000000800095c                . = ALIGN (0x4)

.preinit_array  0x000000000800095c        0x0
                0x000000000800095c                . = ALIGN (0x4)
                0x000000000800095c                PROVIDE (__preinit_array_start = .)
 *(.preinit_array*)
                0x000000000800095c                PROVIDE (__preinit_array_end = .)
                0x000000000800095c                . = ALIGN (0x4)

.init_array     0x000000000800095c        0x4
                0x000000000800095c                . = ALIGN (0x4)
                0x000000000800095c                PROVIDE (__init_array_start = .)
 *(SORT_BY_NAME(.init_array.*))
 *(.init_array*)
 .init_array    0x000000000800095c        0x4 c:/st/stm32cubeide_1.5.0/stm32cubeide/plugins/com.st.stm32cube.ide.mcu.externaltools.gnu-tools-for-stm32.7-2018-q2-update.win32_1.5.0.202011040924/tools/bin/../lib/gcc/arm-none-eabi/7.3.1/thumb/v7-m/crtbegin.o
                0x0000000008000960                PROVIDE (__init_array_end = .)
                0x0000000008000960                . = ALIGN (0x4)

.fini_array     0x0000000008000960        0x4
                0x0000000008000960                . = ALIGN (0x4)
                [!provide]                        PROVIDE (__fini_array_start = .)
 *(SORT_BY_NAME(.fini_array.*))
 *(.fini_array*)
 .fini_array    0x0000000008000960        0x4 c:/st/stm32cubeide_1.5.0/stm32cubeide/plugins/com.st.stm32cube.ide.mcu.externaltools.gnu-tools-for-stm32.7-2018-q2-update.win32_1.5.0.202011040924/tools/bin/../lib/gcc/arm-none-eabi/7.3.1/thumb/v7-m/crtbegin.o
                [!provide]                        PROVIDE (__fini_array_end = .)
                0x0000000008000964                . = ALIGN (0x4)
                0x0000000008000964                _sidata = LOADADDR (.data)

.data           0x0000000020000000        0x4 load address 0x0000000008000964
                0x0000000020000000                . = ALIGN (0x4)
                0x0000000020000000                _sdata = .
 *(.data)
 *(.data*)
 .data.SystemCoreClock
                0x0000000020000000        0x4 Core/Src/system_stm32f1xx.o
                0x0000000020000000                SystemCoreClock
 *(.RamFunc)
 *(.RamFunc*)
                0x0000000020000004                . = ALIGN (0x4)
                0x0000000020000004                _edata = .

.igot.plt       0x0000000020000004        0x0 load address 0x0000000008000968
 .igot.plt      0x0000000020000004        0x0 c:/st/stm32cubeide_1.5.0/stm32cubeide/plugins/com.st.stm32cube.ide.mcu.externaltools.gnu-tools-for-stm32.7-2018-q2-update.win32_1.5.0.202011040924/tools/bin/../lib/gcc/arm-none-eabi/7.3.1/thumb/v7-m/crtbegin.o
                0x0000000020000004                . = ALIGN (0x4)

.bss            0x0000000020000004       0x20 load address 0x0000000008000968
                0x0000000020000004                _sbss = .
                0x0000000020000004                __bss_start__ = _sbss
 *(.bss)
 .bss           0x0000000020000004       0x1c c:/st/stm32cubeide_1.5.0/stm32cubeide/plugins/com.st.stm32cube.ide.mcu.externaltools.gnu-tools-for-stm32.7-2018-q2-update.win32_1.5.0.202011040924/tools/bin/../lib/gcc/arm-none-eabi/7.3.1/thumb/v7-m/crtbegin.o
 *(.bss*)
 .bss.__tickCnt
                0x0000000020000020        0x4 Core/Src/main.o
                0x0000000020000020                __tickCnt
 *(COMMON)
                0x0000000020000024                . = ALIGN (0x4)
                0x0000000020000024                _ebss = .
                0x0000000020000024                __bss_end__ = _ebss

._user_heap_stack
                0x0000000020000024      0x604 load address 0x0000000008000968
                0x0000000020000028                . = ALIGN (0x8)
 *fill*         0x0000000020000024        0x4 
                [!provide]                        PROVIDE (end = .)
                0x0000000020000028                PROVIDE (_end = .)
                0x0000000020000228                . = (. + _Min_Heap_Size)
 *fill*         0x0000000020000028      0x200 
                0x0000000020000628                . = (. + _Min_Stack_Size)
 *fill*         0x0000000020000228      0x400 
                0x0000000020000628                . = ALIGN (0x8)

/DISCARD/
 libc.a(*)
 libm.a(*)
 libgcc.a(*)

.ARM.attributes
                0x0000000000000000       0x29
 *(.ARM.attributes)
 .ARM.attributes
                0x0000000000000000       0x1d c:/st/stm32cubeide_1.5.0/stm32cubeide/plugins/com.st.stm32cube.ide.mcu.externaltools.gnu-tools-for-stm32.7-2018-q2-update.win32_1.5.0.202011040924/tools/bin/../lib/gcc/arm-none-eabi/7.3.1/thumb/v7-m/crti.o
 .ARM.attributes
                0x000000000000001d       0x2d c:/st/stm32cubeide_1.5.0/stm32cubeide/plugins/com.st.stm32cube.ide.mcu.externaltools.gnu-tools-for-stm32.7-2018-q2-update.win32_1.5.0.202011040924/tools/bin/../lib/gcc/arm-none-eabi/7.3.1/thumb/v7-m/crtbegin.o
 .ARM.attributes
                0x000000000000004a       0x33 Core/Src/main.o
 .ARM.attributes
                0x000000000000007d       0x33 Core/Src/stm32f1xx_it.o
 .ARM.attributes
                0x00000000000000b0       0x33 Core/Src/system_stm32f1xx.o
 .ARM.attributes
                0x00000000000000e3       0x21 Core/Startup/startup_stm32f103c8tx.o
 .ARM.attributes
                0x0000000000000104       0x33 Drivers/STM32F1xx_HAL_Driver/Src/stm32f1xx_ll_gpio.o
 .ARM.attributes
                0x0000000000000137       0x33 Drivers/STM32F1xx_HAL_Driver/Src/stm32f1xx_ll_utils.o
 .ARM.attributes
                0x000000000000016a       0x2d c:/st/stm32cubeide_1.5.0/stm32cubeide/plugins/com.st.stm32cube.ide.mcu.externaltools.gnu-tools-for-stm32.7-2018-q2-update.win32_1.5.0.202011040924/tools/bin/../lib/gcc/arm-none-eabi/7.3.1/../../../../arm-none-eabi/lib/thumb/v7-m\libc_nano.a(lib_a-init.o)
 .ARM.attributes
                0x0000000000000197       0x1d c:/st/stm32cubeide_1.5.0/stm32cubeide/plugins/com.st.stm32cube.ide.mcu.externaltools.gnu-tools-for-stm32.7-2018-q2-update.win32_1.5.0.202011040924/tools/bin/../lib/gcc/arm-none-eabi/7.3.1/thumb/v7-m/crtn.o
OUTPUT(BT1_LL.elf elf32-littlearm)

.debug_info     0x0000000000000000     0x1bac
 .debug_info    0x0000000000000000      0x901 Core/Src/main.o
 .debug_info    0x0000000000000901      0x1dd Core/Src/stm32f1xx_it.o
 .debug_info    0x0000000000000ade      0x241 Core/Src/system_stm32f1xx.o
 .debug_info    0x0000000000000d1f       0x22 Core/Startup/startup_stm32f103c8tx.o
 .debug_info    0x0000000000000d41      0x670 Drivers/STM32F1xx_HAL_Driver/Src/stm32f1xx_ll_gpio.o
 .debug_info    0x00000000000013b1      0x7fb Drivers/STM32F1xx_HAL_Driver/Src/stm32f1xx_ll_utils.o

.debug_abbrev   0x0000000000000000      0x848
 .debug_abbrev  0x0000000000000000      0x224 Core/Src/main.o
 .debug_abbrev  0x0000000000000224       0xa3 Core/Src/stm32f1xx_it.o
 .debug_abbrev  0x00000000000002c7      0x134 Core/Src/system_stm32f1xx.o
 .debug_abbrev  0x00000000000003fb       0x12 Core/Startup/startup_stm32f103c8tx.o
 .debug_abbrev  0x000000000000040d      0x210 Drivers/STM32F1xx_HAL_Driver/Src/stm32f1xx_ll_gpio.o
 .debug_abbrev  0x000000000000061d      0x22b Drivers/STM32F1xx_HAL_Driver/Src/stm32f1xx_ll_utils.o

.debug_aranges  0x0000000000000000      0x2e0
 .debug_aranges
                0x0000000000000000       0xd8 Core/Src/main.o
 .debug_aranges
                0x00000000000000d8       0x60 Core/Src/stm32f1xx_it.o
 .debug_aranges
                0x0000000000000138       0x28 Core/Src/system_stm32f1xx.o
 .debug_aranges
                0x0000000000000160       0x28 Core/Startup/startup_stm32f103c8tx.o
 .debug_aranges
                0x0000000000000188       0x60 Drivers/STM32F1xx_HAL_Driver/Src/stm32f1xx_ll_gpio.o
 .debug_aranges
                0x00000000000001e8       0xf8 Drivers/STM32F1xx_HAL_Driver/Src/stm32f1xx_ll_utils.o

.debug_ranges   0x0000000000000000      0x288
 .debug_ranges  0x0000000000000000       0xc8 Core/Src/main.o
 .debug_ranges  0x00000000000000c8       0x50 Core/Src/stm32f1xx_it.o
 .debug_ranges  0x0000000000000118       0x18 Core/Src/system_stm32f1xx.o
 .debug_ranges  0x0000000000000130       0x20 Core/Startup/startup_stm32f103c8tx.o
 .debug_ranges  0x0000000000000150       0x50 Drivers/STM32F1xx_HAL_Driver/Src/stm32f1xx_ll_gpio.o
 .debug_ranges  0x00000000000001a0       0xe8 Drivers/STM32F1xx_HAL_Driver/Src/stm32f1xx_ll_utils.o

.debug_macro    0x0000000000000000    0x1102a
 .debug_macro   0x0000000000000000      0x122 Core/Src/main.o
 .debug_macro   0x0000000000000122      0xa8a Core/Src/main.o
 .debug_macro   0x0000000000000bac       0x2e Core/Src/main.o
 .debug_macro   0x0000000000000bda       0x22 Core/Src/main.o
 .debug_macro   0x0000000000000bfc       0x22 Core/Src/main.o
 .debug_macro   0x0000000000000c1e       0x8e Core/Src/main.o
 .debug_macro   0x0000000000000cac       0x51 Core/Src/main.o
 .debug_macro   0x0000000000000cfd       0xef Core/Src/main.o
 .debug_macro   0x0000000000000dec       0x6a Core/Src/main.o
 .debug_macro   0x0000000000000e56      0x1df Core/Src/main.o
 .debug_macro   0x0000000000001035       0x1c Core/Src/main.o
 .debug_macro   0x0000000000001051       0x22 Core/Src/main.o
 .debug_macro   0x0000000000001073       0xc3 Core/Src/main.o
 .debug_macro   0x0000000000001136      0xd23 Core/Src/main.o
 .debug_macro   0x0000000000001e59     0xe09e Core/Src/main.o
 .debug_macro   0x000000000000fef7       0x6d Core/Src/main.o
 .debug_macro   0x000000000000ff64      0x2b8 Core/Src/main.o
 .debug_macro   0x000000000001021c       0xd7 Core/Src/main.o
 .debug_macro   0x00000000000102f3       0x74 Core/Src/main.o
 .debug_macro   0x0000000000010367       0xd0 Core/Src/main.o
 .debug_macro   0x0000000000010437       0x28 Core/Src/main.o
 .debug_macro   0x000000000001045f       0x2a Core/Src/main.o
 .debug_macro   0x0000000000010489       0x90 Core/Src/main.o
 .debug_macro   0x0000000000010519      0x287 Core/Src/main.o
 .debug_macro   0x00000000000107a0      0x22a Core/Src/main.o
 .debug_macro   0x00000000000109ca       0x22 Core/Src/main.o
 .debug_macro   0x00000000000109ec      0x12c Core/Src/stm32f1xx_it.o
 .debug_macro   0x0000000000010b18       0xbc Core/Src/system_stm32f1xx.o
 .debug_macro   0x0000000000010bd4       0xf8 Drivers/STM32F1xx_HAL_Driver/Src/stm32f1xx_ll_gpio.o
 .debug_macro   0x0000000000010ccc      0x224 Drivers/STM32F1xx_HAL_Driver/Src/stm32f1xx_ll_gpio.o
 .debug_macro   0x0000000000010ef0      0x13a Drivers/STM32F1xx_HAL_Driver/Src/stm32f1xx_ll_utils.o

.debug_line     0x0000000000000000     0x1fe3
 .debug_line    0x0000000000000000      0x777 Core/Src/main.o
 .debug_line    0x0000000000000777      0x604 Core/Src/stm32f1xx_it.o
 .debug_line    0x0000000000000d7b      0x484 Core/Src/system_stm32f1xx.o
 .debug_line    0x00000000000011ff       0x87 Core/Startup/startup_stm32f103c8tx.o
 .debug_line    0x0000000000001286      0x601 Drivers/STM32F1xx_HAL_Driver/Src/stm32f1xx_ll_gpio.o
 .debug_line    0x0000000000001887      0x75c Drivers/STM32F1xx_HAL_Driver/Src/stm32f1xx_ll_utils.o

.debug_str      0x0000000000000000    0x59d3e
 .debug_str     0x0000000000000000    0x58d09 Core/Src/main.o
                                      0x58f9f (size before relaxing)
 .debug_str     0x0000000000058d09       0xbd Core/Src/stm32f1xx_it.o
                                      0x58c74 (size before relaxing)
 .debug_str     0x0000000000058dc6       0x58 Core/Src/system_stm32f1xx.o
                                      0x5467d (size before relaxing)
 .debug_str     0x0000000000058e1e       0x36 Core/Startup/startup_stm32f103c8tx.o
                                         0x5d (size before relaxing)
 .debug_str     0x0000000000058e54      0x424 Drivers/STM32F1xx_HAL_Driver/Src/stm32f1xx_ll_gpio.o
                                      0x55fec (size before relaxing)
 .debug_str     0x0000000000059278      0xac6 Drivers/STM32F1xx_HAL_Driver/Src/stm32f1xx_ll_utils.o
                                      0x5684a (size before relaxing)

.comment        0x0000000000000000       0x7b
 .comment       0x0000000000000000       0x7b Core/Src/main.o
                                         0x7c (size before relaxing)
 .comment       0x000000000000007b       0x7c Core/Src/stm32f1xx_it.o
 .comment       0x000000000000007b       0x7c Core/Src/system_stm32f1xx.o
 .comment       0x000000000000007b       0x7c Drivers/STM32F1xx_HAL_Driver/Src/stm32f1xx_ll_gpio.o
 .comment       0x000000000000007b       0x7c Drivers/STM32F1xx_HAL_Driver/Src/stm32f1xx_ll_utils.o

.debug_frame    0x0000000000000000      0xa60
 .debug_frame   0x0000000000000000      0x364 Core/Src/main.o
 .debug_frame   0x0000000000000364      0x108 Core/Src/stm32f1xx_it.o
 .debug_frame   0x000000000000046c       0x58 Core/Src/system_stm32f1xx.o
 .debug_frame   0x00000000000004c4      0x170 Drivers/STM32F1xx_HAL_Driver/Src/stm32f1xx_ll_gpio.o
 .debug_frame   0x0000000000000634      0x400 Drivers/STM32F1xx_HAL_Driver/Src/stm32f1xx_ll_utils.o
 .debug_frame   0x0000000000000a34       0x2c c:/st/stm32cubeide_1.5.0/stm32cubeide/plugins/com.st.stm32cube.ide.mcu.externaltools.gnu-tools-for-stm32.7-2018-q2-update.win32_1.5.0.202011040924/tools/bin/../lib/gcc/arm-none-eabi/7.3.1/../../../../arm-none-eabi/lib/thumb/v7-m\libc_nano.a(lib_a-init.o)
